Archive member included because of file (symbol)

c:\Users\surya\AppData\Roaming\Cursor\User\globalStorage\vexrobotics.vexcode\sdk\cpp\V5\V5_20240802_15_00_00/vexv5\libv5rt.a(v5_startup.c.obj)
                              (vexStartup)
c:\Users\surya\AppData\Roaming\Cursor\User\globalStorage\vexrobotics.vexcode\sdk\cpp\V5\V5_20240802_15_00_00/vexv5\libv5rt.a(v5_util.c.obj)
                              c:\Users\surya\AppData\Roaming\Cursor\User\globalStorage\vexrobotics.vexcode\sdk\cpp\V5\V5_20240802_15_00_00/vexv5\libv5rt.a(v5_startup.c.obj) (vexStdlibVersionLinked)
c:\Users\surya\AppData\Roaming\Cursor\User\globalStorage\vexrobotics.vexcode\sdk\cpp\V5\V5_20240802_15_00_00/vexv5\libv5rt.a(v5_apijump.c.obj)
                              c:\Users\surya\AppData\Roaming\Cursor\User\globalStorage\vexrobotics.vexcode\sdk\cpp\V5\V5_20240802_15_00_00/vexv5\libv5rt.a(v5_startup.c.obj) (vexPrivateApiEnable)
c:\Users\surya\AppData\Roaming\Cursor\User\globalStorage\vexrobotics.vexcode\sdk\cpp\V5\V5_20240802_15_00_00/vexv5\libv5rt.a(v5_apiversions.c.obj)
                              c:\Users\surya\AppData\Roaming\Cursor\User\globalStorage\vexrobotics.vexcode\sdk\cpp\V5\V5_20240802_15_00_00/vexv5\libv5rt.a(v5_apijump.c.obj) (vexSystemVersion)
c:\Users\surya\AppData\Roaming\Cursor\User\globalStorage\vexrobotics.vexcode\sdk\cpp\V5\V5_20240802_15_00_00/vexv5\libv5rt.a(vex_global.cpp.obj)
                              build/src/main.o (vex::wait(double, vex::timeUnits))
c:\Users\surya\AppData\Roaming\Cursor\User\globalStorage\vexrobotics.vexcode\sdk\cpp\V5\V5_20240802_15_00_00/vexv5\libv5rt.a(vex_device.cpp.obj)
                              build/src/ai_robot_link.o (vex::device::value())
c:\Users\surya\AppData\Roaming\Cursor\User\globalStorage\vexrobotics.vexcode\sdk\cpp\V5\V5_20240802_15_00_00/vexv5\libv5rt.a(vex_motor.cpp.obj)
                              build/src/main.o (vex::motor::~motor())
c:\Users\surya\AppData\Roaming\Cursor\User\globalStorage\vexrobotics.vexcode\sdk\cpp\V5\V5_20240802_15_00_00/vexv5\libv5rt.a(vex_imu.cpp.obj)
                              build/src/ai_functions.o (vex::inertial::setRotation(double, vex::rotationUnits))
c:\Users\surya\AppData\Roaming\Cursor\User\globalStorage\vexrobotics.vexcode\sdk\cpp\V5\V5_20240802_15_00_00/vexv5\libv5rt.a(vex_rotation.cpp.obj)
                              build/src/main.o (vex::rotation::~rotation())
c:\Users\surya\AppData\Roaming\Cursor\User\globalStorage\vexrobotics.vexcode\sdk\cpp\V5\V5_20240802_15_00_00/vexv5\libv5rt.a(vex_optical.cpp.obj)
                              build/src/main.o (vex::optical::~optical())
c:\Users\surya\AppData\Roaming\Cursor\User\globalStorage\vexrobotics.vexcode\sdk\cpp\V5\V5_20240802_15_00_00/vexv5\libv5rt.a(vex_distance.cpp.obj)
                              build/src/main.o (vex::distance::~distance())
c:\Users\surya\AppData\Roaming\Cursor\User\globalStorage\vexrobotics.vexcode\sdk\cpp\V5\V5_20240802_15_00_00/vexv5\libv5rt.a(vex_gps.cpp.obj)
                              build/src/main.o (vex::gps::~gps())
c:\Users\surya\AppData\Roaming\Cursor\User\globalStorage\vexrobotics.vexcode\sdk\cpp\V5\V5_20240802_15_00_00/vexv5\libv5rt.a(vex_controller.cpp.obj)
                              build/src/main.o (vex::controller::~controller())
c:\Users\surya\AppData\Roaming\Cursor\User\globalStorage\vexrobotics.vexcode\sdk\cpp\V5\V5_20240802_15_00_00/vexv5\libv5rt.a(vex_task.cpp.obj)
                              build/src/JAR-Template/drive.o (vex::task::task())
c:\Users\surya\AppData\Roaming\Cursor\User\globalStorage\vexrobotics.vexcode\sdk\cpp\V5\V5_20240802_15_00_00/vexv5\libv5rt.a(vex_thread.cpp.obj)
                              build/src/main.o (vex::thread::thread(int (*)()))
c:\Users\surya\AppData\Roaming\Cursor\User\globalStorage\vexrobotics.vexcode\sdk\cpp\V5\V5_20240802_15_00_00/vexv5\libv5rt.a(vex_event.cpp.obj)
                              c:\Users\surya\AppData\Roaming\Cursor\User\globalStorage\vexrobotics.vexcode\sdk\cpp\V5\V5_20240802_15_00_00/vexv5\libv5rt.a(vex_imu.cpp.obj) (vex::event::init(unsigned long, unsigned long, void (*)()))
c:\Users\surya\AppData\Roaming\Cursor\User\globalStorage\vexrobotics.vexcode\sdk\cpp\V5\V5_20240802_15_00_00/vexv5\libv5rt.a(vex_mevent.cpp.obj)
                              c:\Users\surya\AppData\Roaming\Cursor\User\globalStorage\vexrobotics.vexcode\sdk\cpp\V5\V5_20240802_15_00_00/vexv5\libv5rt.a(vex_controller.cpp.obj) (vex::mevent::mevent(unsigned long, unsigned long))
c:\Users\surya\AppData\Roaming\Cursor\User\globalStorage\vexrobotics.vexcode\sdk\cpp\V5\V5_20240802_15_00_00/vexv5\libv5rt.a(vex_brain.cpp.obj)
                              build/src/dashboard.o (vex::brain::lcd::setFont(vex::fontType))
c:\Users\surya\AppData\Roaming\Cursor\User\globalStorage\vexrobotics.vexcode\sdk\cpp\V5\V5_20240802_15_00_00/vexv5\libv5rt.a(vex_competition.cpp.obj)
                              build/src/main.o (vex::competition::competition())
[...]
Memory Configuration

Name             Origin             Length             Attributes
ps7_ddr_0_S_AXI_BASEADDR 0x03800000         0x04800000
*default*        0x00000000         0xffffffff

Linker script and memory map

                0x00002000                _STACK_SIZE = DEFINED (_STACK_SIZE)?_STACK_SIZE:0x2000
                0x00100000                _HEAP_SIZE = DEFINED (_HEAP_SIZE)?_HEAP_SIZE:0x100000
                0x00000400                _ABORT_STACK_SIZE = DEFINED (_ABORT_STACK_SIZE)?_ABORT_STACK_SIZE:0x400
                0x00000800                _SUPERVISOR_STACK_SIZE = DEFINED (_SUPERVISOR_STACK_SIZE)?_SUPERVISOR_STACK_SIZE:0x800
                0x00000400                _IRQ_STACK_SIZE = DEFINED (_IRQ_STACK_SIZE)?_IRQ_STACK_SIZE:0x400
                0x00000400                _FIQ_STACK_SIZE = DEFINED (_FIQ_STACK_SIZE)?_FIQ_STACK_SIZE:0x400
                0x00000400                _UNDEF_STACK_SIZE = DEFINED (_UNDEF_STACK_SIZE)?_UNDEF_STACK_SIZE:0x400

.text           0x03800000    0x130d0
 *(.vectors)
 *(.boot_data)
 .boot_data     0x03800000       0x20 c:\Users\surya\AppData\Roaming\Cursor\User\globalStorage\vexrobotics.vexcode\sdk\cpp\V5\V5_20240802_15_00_00/vexv5\libv5rt.a(v5_startup.c.obj)
                0x03800000                vexCodeSig
                0x00000020                . = 0x20
 *(.boot)
 .boot          0x03800020       0xbc c:\Users\surya\AppData\Roaming\Cursor\User\globalStorage\vexrobotics.vexcode\sdk\cpp\V5\V5_20240802_15_00_00/vexv5\libv5rt.a(v5_startup.c.obj)
                0x03800020                vexStartup
                0x03800100                . = ALIGN (0x40)
 *fill*         0x038000dc       0x24 
 *(.freertos_vectors)
 *(.text)
 .text          0x03800100       0x3a c:\Users\surya\AppData\Roaming\Cursor\User\globalStorage\vexrobotics.vexcode\sdk\cpp\V5\V5_20240802_15_00_00/vexv5/gcc/libs\libc.a(lib_a-aeabi_memmove-soft.o)
                0x03800100                __aeabi_memmove4
                0x03800100                __aeabi_memmove
                0x03800100                __aeabi_memmove8
 .text          0x0380013a       0x9a c:\Users\surya\AppData\Roaming\Cursor\User\globalStorage\vexrobotics.vexcode\sdk\cpp\V5\V5_20240802_15_00_00/vexv5/gcc/libs\libc.a(lib_a-aeabi_memset-soft.o)
                0x0380013a                __aeabi_memset8
                0x0380013a                __aeabi_memset
                0x0380013a                __aeabi_memset4
 *(.text.*)
 .text._ZN7DualGPSC2ERN3vex3gpsES2_RNS0_8inertialENS0_13distanceUnitsE
                0x038001d4       0x78 build/src/DualGPS.o
                0x038001d4                DualGPS::DualGPS(vex::gps&, vex::gps&, vex::inertial&, vex::distanceUnits)
                0x038001d4                DualGPS::DualGPS(vex::gps&, vex::gps&, vex::inertial&, vex::distanceUnits)
 .text._ZN7DualGPS12updateThreadEPv
                0x0380024c       0x20 build/src/DualGPS.o
                0x0380024c                DualGPS::updateThread(void*)
 .text._ZN7DualGPSD2Ev
                0x0380026c       0x48 build/src/DualGPS.o
                0x0380026c                DualGPS::~DualGPS()
                0x0380026c                DualGPS::~DualGPS()
 *fill*         0x038002b4        0x4 
 .text._ZN7DualGPS14updatePositionEv
                0x038002b8      0x298 build/src/DualGPS.o
                0x038002b8                DualGPS::updatePosition()
 .text._ZN7DualGPS9xPositionEv
                0x03800550       0x34 build/src/DualGPS.o
                0x03800550                DualGPS::xPosition()
 .text._ZN7DualGPS9yPositionEv
                0x03800584       0x34 build/src/DualGPS.o
                0x03800584                DualGPS::yPosition()
 .text._ZN7DualGPS7headingEv
                0x038005b8       0x34 build/src/DualGPS.o
                0x038005b8                DualGPS::heading()
 .text._ZN7DualGPS7qualityEv
                0x038005ec       0x34 build/src/DualGPS.o
                0x038005ec                DualGPS::quality()
 .text._ZN7DualGPS9calibrateEv
                0x03800620       0x38 build/src/DualGPS.o
                0x03800620                DualGPS::calibrate()
 .text._ZN7DualGPS13isCalibratingEv
                0x03800658       0x40 build/src/DualGPS.o
                0x03800658                DualGPS::isCalibrating()
 .text._ZN3vex11motor_groupC2IJNS_5motorES2_EEERS2_DpRT_
                0x03800698       0x44 build/src/main.o
                0x03800698                vex::motor_group::motor_group<vex::motor, vex::motor>(vex::motor&, vex::motor&, vex::motor&)
 .text._ZN5DriveD2Ev
                0x038006dc       0x7c build/src/main.o
                0x038006dc                Drive::~Drive()
 .text._Z16configureChassisv
                0x03800758      0x114 build/src/main.o
                0x03800758                configureChassis()
 *fill*         0x0380086c        0x4 
 .text._Z19planAndFollowPathCmddfb
                0x03800870      0x400 build/src/main.o
                0x03800870                planAndFollowPathCm(double, double, float, bool)
 .text._Z14autonomousMainv
                0x03800c70      0x2d0 build/src/main.o
                0x03800c70                autonomousMain()
 .text._ZL19showTimeRemainingMsi
                0x03800f40       0x70 build/src/main.o
 .text._Z13driverControlv
                0x03800fb0      0x550 build/src/main.o
                0x03800fb0                driverControl()
 .text.main     0x03801500       0xc4 build/src/main.o
                0x03801500                main
 .text._ZNSt6vectorI4RectSaIS0_EED2Ev
                0x038015c4       0x44 build/src/main.o
                0x038015c4                std::vector<Rect, std::allocator<Rect> >::~vector()
 .text._GLOBAL__sub_I_main.cpp
                0x03801608      0x6a8 build/src/main.o
 .text._GLOBAL__sub_I_astar_test.cpp
                0x03801cb0       0x34 build/src/astar_test.o
 .text._Z13dashboardTaskv
                0x03801ce4      0x7cc build/src/dashboard.o
                0x03801ce4                dashboardTask()
 .text._Z32printCurrentLocationOnControllerv
                0x038024b0      0x114 build/src/ai_functions.o
                0x038024b0                printCurrentLocationOnController()
 *fill*         0x038025c4        0x4 
 .text._Z16calculateBearingdddd
                0x038025c8       0xb0 build/src/ai_functions.o
                0x038025c8                calculateBearing(double, double, double, double)
 .text._Z13emergencyStopv
                0x03802678       0x4c build/src/ai_functions.o
                0x03802678                emergencyStop()
 *fill*         0x038026c4        0x4 
 .text._Z16testPathPlanningv
                0x038026c8      0xbf8 build/src/ai_functions.o
                0x038026c8                testPathPlanning()
 .text._ZN8FieldMapD2Ev
                0x038032c0        0x4 build/src/ai_functions.o
                0x038032c0                FieldMap::~FieldMap()
 *fill*         0x038032c4        0x4 
 .text._Z7pidtestv
                0x038032c8      0x210 build/src/ai_functions.o
                0x038032c8                pidtest()
 .text._Z11turnpidtestv
                0x038034d8      0x480 build/src/ai_functions.o
                0x038034d8                turnpidtest()
 .text._Z12drivepidtestv
                0x03803958      0x44c build/src/ai_functions.o
                0x03803958                drivepidtest()
 *fill*         0x03803da4        0x4 
 .text._Z21purePursuitFollowPathRKSt6vectorISt4pairIddESaIS1_EEffffbidd
                0x03803da8     0x1990 build/src/ai_functions.o
                0x03803da8                purePursuitFollowPath(std::vector<std::pair<double, double>, std::allocator<std::pair<double, double> > > const&, float, float, float, float, bool, int, double, double)
 .text._Z19followPathToPointCmddiib
                0x03805738      0xcf8 build/src/ai_functions.o
                0x03805738                followPathToPointCm(double, double, int, int, bool)
 .text._Z15testPurePursuitv
                0x03806430      0x220 build/src/ai_functions.o
                0x03806430                testPurePursuit()
 .text._Z28getTopThreeTeamBallPositions6OBJECTPdS0_
                0x03806650      0x74c build/src/ai_functions.o
                0x03806650                getTopThreeTeamBallPositions(OBJECT, double*, double*)
 .text._Z16selectThreeBalls6OBJECT
                0x03806d9c       0xa8 build/src/ai_functions.o
                0x03806d9c                selectThreeBalls(OBJECT)
 *fill*         0x03806e44        0x4 
 .text._ZL19collectWithPathLoop6OBJECTi
                0x03806e48     0x1228 build/src/ai_functions.o
 .text._Z23collectTwoBallsWithPath6OBJECT
                0x03808070        0x8 build/src/ai_functions.o
                0x03808070                collectTwoBallsWithPath(OBJECT)
 .text._ZN12_GLOBAL__N_133navigateToNearestCornerAndScoreInEv
                0x03808078      0x310 build/src/ai_functions.o
 .text._ZN12_GLOBAL__N_116holdDriveStoppedEv
                0x03808388       0x4c build/src/ai_functions.o
 .text._ZN12_GLOBAL__N_126creepUntilEitherBottomNearEfi
                0x038083d4       0xa4 build/src/ai_functions.o
 .text._ZN12_GLOBAL__N_127waitBothBottomOpticalsClearEii
                0x03808478       0xbc build/src/ai_functions.o
 .text._ZNSt6vectorISt4pairIddESaIS1_EE19_M_emplace_back_auxIJS1_EEEvDpOT_
                0x03808534       0x8c build/src/ai_functions.o
                0x03808534                void std::vector<std::pair<double, double>, std::allocator<std::pair<double, double> > >::_M_emplace_back_aux<std::pair<double, double> >(std::pair<double, double>&&)
 .text._ZNKSt6vectorISt4pairIddESaIS1_EE12_M_check_lenEjPKc
                0x038085c0       0x54 build/src/ai_functions.o
                0x038085c0                std::vector<std::pair<double, double>, std::allocator<std::pair<double, double> > >::_M_check_len(unsigned int, char const*) const
 .text._ZNSt12_Vector_baseISt4pairIddESaIS1_EE11_M_allocateEj
                0x03808614       0x30 build/src/ai_functions.o
                0x03808614                std::_Vector_base<std::pair<double, double>, std::allocator<std::pair<double, double> > >::_M_allocate(unsigned int)
 .text._ZNSt6vectorISt4pairIddESaIS1_EE19_M_emplace_back_auxIJRKS1_EEEvDpOT_
                0x03808644       0x8c build/src/ai_functions.o
                0x03808644                void std::vector<std::pair<double, double>, std::allocator<std::pair<double, double> > >::_M_emplace_back_aux<std::pair<double, double> const&>(std::pair<double, double> const&)
 .text._ZNSt12_Vector_baseIZ28getTopThreeTeamBallPositions6OBJECTPdS1_E10ScoredBallSaIS2_EE11_M_allocateEj
                0x038086d0       0x3c build/src/ai_functions.o
 .text._ZSt16__introsort_loopIN9__gnu_cxx17__normal_iteratorIPZ28getTopThreeTeamBallPositions6OBJECTPdS3_E10ScoredBallSt6vectorIS4_SaIS4_EEEEiNS0_5__ops15_Iter_comp_iterIZ28getTopThreeTeamBallPositionsS2_S3_S3_E3$_0EEEvT_SE_T0_T1_
                0x0380870c      0x318 build/src/ai_functions.o
 .text._ZSt13__adjust_heapIN9__gnu_cxx17__normal_iteratorIPZ28getTopThreeTeamBallPositions6OBJECTPdS3_E10ScoredBallSt6vectorIS4_SaIS4_EEEEiS4_NS0_5__ops15_Iter_comp_iterIZ28getTopThreeTeamBallPositionsS2_S3_S3_E3$_0EEEvT_T0_SF_T1_T2_
                0x03808a24      0x154 build/src/ai_functions.o
 .text._ZSt16__insertion_sortIN9__gnu_cxx17__normal_iteratorIPZ28getTopThreeTeamBallPositions6OBJECTPdS3_E10ScoredBallSt6vectorIS4_SaIS4_EEEENS0_5__ops15_Iter_comp_iterIZ28getTopThreeTeamBallPositionsS2_S3_S3_E3$_0EEEvT_SE_T0_
                0x03808b78      0x120 build/src/ai_functions.o
 .text._GLOBAL__sub_I_ai_functions.cpp
                0x03808c98       0x34 build/src/ai_functions.o
 *fill*         0x03808ccc        0x4 
 .text._ZNK4Rect8containsEdd
                0x03808cd0       0xf8 build/src/field_map.o
                0x03808cd0                Rect::contains(double, double) const
 .text._ZNK4Rect17intersectsSegmentEdddd
                0x03808dc8      0x468 build/src/field_map.o
                0x03808dc8                Rect::intersectsSegment(double, double, double, double) const
 .text._ZN8FieldMapC2Ev
                0x03809230       0x60 build/src/field_map.o
                0x03809230                FieldMap::FieldMap()
                0x03809230                FieldMap::FieldMap()
 .text._ZNSt6vectorI4RectSaIS0_EE9push_backERKS0_
                0x03809290       0x60 build/src/field_map.o
                0x03809290                std::vector<Rect, std::allocator<Rect> >::push_back(Rect const&)
 .text._ZNK8FieldMap12getObstaclesEv
                0x038092f0        0x4 build/src/field_map.o
                0x038092f0                FieldMap::getObstacles() const
 .text._ZNK8FieldMap17isPointInObstacleEdd
                0x038092f4       0xc4 build/src/field_map.o
                0x038092f4                FieldMap::isPointInObstacle(double, double) const
 .text._ZNK8FieldMap23lineIntersectsObstaclesEdddd
                0x038093b8      0x104 build/src/field_map.o
                0x038093b8                FieldMap::lineIntersectsObstacles(double, double, double, double) const
 *fill*         0x038094bc        0x4 
 .text._ZN8FieldMap21populateStandardFieldEv
                0x038094c0      0x510 build/src/field_map.o
                0x038094c0                FieldMap::populateStandardField()
 .text._ZNSt6vectorI4RectSaIS0_EE19_M_emplace_back_auxIJRKS0_EEEvDpOT_
                0x038099d0      0x108 build/src/field_map.o
                0x038099d0                void std::vector<Rect, std::allocator<Rect> >::_M_emplace_back_aux<Rect const&>(Rect const&)
 .text._ZNKSt6vectorI4RectSaIS0_EE12_M_check_lenEjPKc
                0x03809ad8       0x64 build/src/field_map.o
                0x03809ad8                std::vector<Rect, std::allocator<Rect> >::_M_check_len(unsigned int, char const*) const
 .text._ZNSt12_Vector_baseI4RectSaIS0_EE11_M_allocateEj
                0x03809b3c       0x3c build/src/field_map.o
                0x03809b3c                std::_Vector_base<Rect, std::allocator<Rect> >::_M_allocate(unsigned int)
 .text._ZN5astar8findPathERK8FieldMapddddddd
                0x03809b78      0xee0 build/src/astar.o
                0x03809b78                astar::findPath(FieldMap const&, double, double, double, double, double, double, double)
 .text._ZNSt14priority_queueIZN5astar8findPathERK8FieldMapdddddddE6PQNodeSt6vectorIS4_SaIS4_EEZNS0_8findPathES3_dddddddE6PQCompE4pushEOS4_
                0x0380aa58      0x13c build/src/astar.o
 .text._ZNSt10_HashtableIxSt4pairIKxxESaIS2_ENSt8__detail10_Select1stESt8equal_toIxESt4hashIxENS4_18_Mod_range_hashingENS4_20_Default_ranged_hashENS4_20_Prime_rehash_policyENS4_17_Hashtable_traitsILb0ELb0ELb1EEEED2Ev
                0x0380ab94       0x30 build/src/astar.o
                0x0380ab94                std::_Hashtable<long long, std::pair<long long const, long long>, std::allocator<std::pair<long long const, long long> >, std::__detail::_Select1st, std::equal_to<long long>, std::hash<long long>, std::__detail::_Mod_range_hashing, std::__detail::_Default_ranged_hash, std::__detail::_Prime_rehash_policy, std::__detail::_Hashtable_traits<false, false, true> >::~_Hashtable()
 .text._ZNSt10_HashtableIxSt4pairIKxxESaIS2_ENSt8__detail10_Select1stESt8equal_toIxESt4hashIxENS4_18_Mod_range_hashingENS4_20_Default_ranged_hashENS4_20_Prime_rehash_policyENS4_17_Hashtable_traitsILb0ELb0ELb1EEEE5clearEv
                0x0380abc4       0x48 build/src/astar.o
                0x0380abc4                std::_Hashtable<long long, std::pair<long long const, long long>, std::allocator<std::pair<long long const, long long> >, std::__detail::_Select1st, std::equal_to<long long>, std::hash<long long>, std::__detail::_Mod_range_hashing, std::__detail::_Default_ranged_hash, std::__detail::_Prime_rehash_policy, std::__detail::_Hashtable_traits<false, false, true> >::clear()
 .text._ZNSt10_HashtableIxSt4pairIKxdESaIS2_ENSt8__detail10_Select1stESt8equal_toIxESt4hashIxENS4_18_Mod_range_hashingENS4_20_Default_ranged_hashENS4_20_Prime_rehash_policyENS4_17_Hashtable_traitsILb0ELb0ELb1EEEED2Ev
                0x0380ac0c       0x30 build/src/astar.o
                0x0380ac0c                std::_Hashtable<long long, std::pair<long long const, double>, std::allocator<std::pair<long long const, double> >, std::__detail::_Select1st, std::equal_to<long long>, std::hash<long long>, std::__detail::_Mod_range_hashing, std::__detail::_Default_ranged_hash, std::__detail::_Prime_rehash_policy, std::__detail::_Hashtable_traits<false, false, true> >::~_Hashtable()
 .text._ZNSt10_HashtableIxSt4pairIKxdESaIS2_ENSt8__detail10_Select1stESt8equal_toIxESt4hashIxENS4_18_Mod_range_hashingENS4_20_Default_ranged_hashENS4_20_Prime_rehash_policyENS4_17_Hashtable_traitsILb0ELb0ELb1EEEE5clearEv
                0x0380ac3c       0x48 build/src/astar.o
                0x0380ac3c                std::_Hashtable<long long, std::pair<long long const, double>, std::allocator<std::pair<long long const, double> >, std::__detail::_Select1st, std::equal_to<long long>, std::hash<long long>, std::__detail::_Mod_range_hashing, std::__detail::_Default_ranged_hash, std::__detail::_Prime_rehash_policy, std::__detail::_Hashtable_traits<false, false, true> >::clear()
 .text._ZSt13__adjust_heapIN9__gnu_cxx17__normal_iteratorIPZN5astar8findPathERK8FieldMapdddddddE6PQNodeSt6vectorIS6_SaIS6_EEEEiS6_NS0_5__ops15_Iter_comp_iterIZNS2_8findPathES5_dddddddE6PQCompEEEvT_T0_SH_T1_T2_
                0x0380ac84      0x114 build/src/astar.o
 .text._ZNSt10_HashtableIxSt4pairIKxdESaIS2_ENSt8__detail10_Select1stESt8equal_toIxESt4hashIxENS4_18_Mod_range_hashingENS4_20_Default_ranged_hashENS4_20_Prime_rehash_policyENS4_17_Hashtable_traitsILb0ELb0ELb1EEEEC2EjRKS9_RKSA_RKSB_RKS7_RKS5_RKS3_
                0x0380ad98       0x78 build/src/astar.o
                0x0380ad98                std::_Hashtable<long long, std::pair<long long const, double>, std::allocator<std::pair<long long const, double> >, std::__detail::_Select1st, std::equal_to<long long>, std::hash<long long>, std::__detail::_Mod_range_hashing, std::__detail::_Default_ranged_hash, std::__detail::_Prime_rehash_policy, std::__detail::_Hashtable_traits<false, false, true> >::_Hashtable(unsigned int, std::hash<long long> const&, std::__detail::_Mod_range_hashing const&, std::__detail::_Default_ranged_hash const&, std::equal_to<long long> const&, std::__detail::_Select1st const&, std::allocator<std::pair<long long const, double> > const&)
 .text._ZNSt10_HashtableIxSt4pairIKxxESaIS2_ENSt8__detail10_Select1stESt8equal_toIxESt4hashIxENS4_18_Mod_range_hashingENS4_20_Default_ranged_hashENS4_20_Prime_rehash_policyENS4_17_Hashtable_traitsILb0ELb0ELb1EEEEC2EjRKS9_RKSA_RKSB_RKS7_RKS5_RKS3_
                0x0380ae10       0x78 build/src/astar.o
                0x0380ae10                std::_Hashtable<long long, std::pair<long long const, long long>, std::allocator<std::pair<long long const, long long> >, std::__detail::_Select1st, std::equal_to<long long>, std::hash<long long>, std::__detail::_Mod_range_hashing, std::__detail::_Default_ranged_hash, std::__detail::_Prime_rehash_policy, std::__detail::_Hashtable_traits<false, false, true> >::_Hashtable(unsigned int, std::hash<long long> const&, std::__detail::_Mod_range_hashing const&, std::__detail::_Default_ranged_hash const&, std::equal_to<long long> const&, std::__detail::_Select1st const&, std::allocator<std::pair<long long const, long long> > const&)
 .text._ZNSt8__detail9_Map_baseIxSt4pairIKxdESaIS3_ENS_10_Select1stESt8equal_toIxESt4hashIxENS_18_Mod_range_hashingENS_20_Default_ranged_hashENS_20_Prime_rehash_policyENS_17_Hashtable_traitsILb0ELb0ELb1EEELb1EEixERS2_
                0x0380ae88       0xf4 build/src/astar.o
                0x0380ae88                std::__detail::_Map_base<long long, std::pair<long long const, double>, std::allocator<std::pair<long long const, double> >, std::__detail::_Select1st, std::equal_to<long long>, std::hash<long long>, std::__detail::_Mod_range_hashing, std::__detail::_Default_ranged_hash, std::__detail::_Prime_rehash_policy, std::__detail::_Hashtable_traits<false, false, true>, true>::operator[](long long const&)
 .text._ZNSt10_HashtableIxSt4pairIKxdESaIS2_ENSt8__detail10_Select1stESt8equal_toIxESt4hashIxENS4_18_Mod_range_hashingENS4_20_Default_ranged_hashENS4_20_Prime_rehash_policyENS4_17_Hashtable_traitsILb0ELb0ELb1EEEE21_M_insert_unique_nodeEjjPNS4_10_Hash_nodeIS2_Lb0EEE
                0x0380af7c       0x88 build/src/astar.o
                0x0380af7c                std::_Hashtable<long long, std::pair<long long const, double>, std::allocator<std::pair<long long const, double> >, std::__detail::_Select1st, std::equal_to<long long>, std::hash<long long>, std::__detail::_Mod_range_hashing, std::__detail::_Default_ranged_hash, std::__detail::_Prime_rehash_policy, std::__detail::_Hashtable_traits<false, false, true> >::_M_insert_unique_node(unsigned int, unsigned int, std::__detail::_Hash_node<std::pair<long long const, double>, false>*)
 .text._ZNSt10_HashtableIxSt4pairIKxdESaIS2_ENSt8__detail10_Select1stESt8equal_toIxESt4hashIxENS4_18_Mod_range_hashingENS4_20_Default_ranged_hashENS4_20_Prime_rehash_policyENS4_17_Hashtable_traitsILb0ELb0ELb1EEEE22_M_insert_bucket_beginEjPNS4_10_Hash_nodeIS2_Lb0EEE
                0x0380b004       0x70 build/src/astar.o
                0x0380b004                std::_Hashtable<long long, std::pair<long long const, double>, std::allocator<std::pair<long long const, double> >, std::__detail::_Select1st, std::equal_to<long long>, std::hash<long long>, std::__detail::_Mod_range_hashing, std::__detail::_Default_ranged_hash, std::__detail::_Prime_rehash_policy, std::__detail::_Hashtable_traits<false, false, true> >::_M_insert_bucket_begin(unsigned int, std::__detail::_Hash_node<std::pair<long long const, double>, false>*)
 .text._ZNSt10_HashtableIxSt4pairIKxdESaIS2_ENSt8__detail10_Select1stESt8equal_toIxESt4hashIxENS4_18_Mod_range_hashingENS4_20_Default_ranged_hashENS4_20_Prime_rehash_policyENS4_17_Hashtable_traitsILb0ELb0ELb1EEEE13_M_rehash_auxEjSt17integral_constantIbLb1EE
                0x0380b074       0xe0 build/src/astar.o
                0x0380b074                std::_Hashtable<long long, std::pair<long long const, double>, std::allocator<std::pair<long long const, double> >, std::__detail::_Select1st, std::equal_to<long long>, std::hash<long long>, std::__detail::_Mod_range_hashing, std::__detail::_Default_ranged_hash, std::__detail::_Prime_rehash_policy, std::__detail::_Hashtable_traits<false, false, true> >::_M_rehash_aux(unsigned int, std::integral_constant<bool, true>)
 .text._ZNSt10_HashtableIxSt4pairIKxdESaIS2_ENSt8__detail10_Select1stESt8equal_toIxESt4hashIxENS4_18_Mod_range_hashingENS4_20_Default_ranged_hashENS4_20_Prime_rehash_policyENS4_17_Hashtable_traitsILb0ELb0ELb1EEEE4findERS1_
                0x0380b154       0xb0 build/src/astar.o
                0x0380b154                std::_Hashtable<long long, std::pair<long long const, double>, std::allocator<std::pair<long long const, double> >, std::__detail::_Select1st, std::equal_to<long long>, std::hash<long long>, std::__detail::_Mod_range_hashing, std::__detail::_Default_ranged_hash, std::__detail::_Prime_rehash_policy, std::__detail::_Hashtable_traits<false, false, true> >::find(long long const&)
 .text._ZNSt8__detail9_Map_baseIxSt4pairIKxxESaIS3_ENS_10_Select1stESt8equal_toIxESt4hashIxENS_18_Mod_range_hashingENS_20_Default_ranged_hashENS_20_Prime_rehash_policyENS_17_Hashtable_traitsILb0ELb0ELb1EEELb1EEixERS2_
                0x0380b204       0xf4 build/src/astar.o
                0x0380b204                std::__detail::_Map_base<long long, std::pair<long long const, long long>, std::allocator<std::pair<long long const, long long> >, std::__detail::_Select1st, std::equal_to<long long>, std::hash<long long>, std::__detail::_Mod_range_hashing, std::__detail::_Default_ranged_hash, std::__detail::_Prime_rehash_policy, std::__detail::_Hashtable_traits<false, false, true>, true>::operator[](long long const&)
 .text._ZNSt10_HashtableIxSt4pairIKxxESaIS2_ENSt8__detail10_Select1stESt8equal_toIxESt4hashIxENS4_18_Mod_range_hashingENS4_20_Default_ranged_hashENS4_20_Prime_rehash_policyENS4_17_Hashtable_traitsILb0ELb0ELb1EEEE21_M_insert_unique_nodeEjjPNS4_10_Hash_nodeIS2_Lb0EEE
                0x0380b2f8       0x88 build/src/astar.o
                0x0380b2f8                std::_Hashtable<long long, std::pair<long long const, long long>, std::allocator<std::pair<long long const, long long> >, std::__detail::_Select1st, std::equal_to<long long>, std::hash<long long>, std::__detail::_Mod_range_hashing, std::__detail::_Default_ranged_hash, std::__detail::_Prime_rehash_policy, std::__detail::_Hashtable_traits<false, false, true> >::_M_insert_unique_node(unsigned int, unsigned int, std::__detail::_Hash_node<std::pair<long long const, long long>, false>*)
 .text._ZNSt10_HashtableIxSt4pairIKxxESaIS2_ENSt8__detail10_Select1stESt8equal_toIxESt4hashIxENS4_18_Mod_range_hashingENS4_20_Default_ranged_hashENS4_20_Prime_rehash_policyENS4_17_Hashtable_traitsILb0ELb0ELb1EEEE22_M_insert_bucket_beginEjPNS4_10_Hash_nodeIS2_Lb0EEE
                0x0380b380       0x70 build/src/astar.o
                0x0380b380                std::_Hashtable<long long, std::pair<long long const, long long>, std::allocator<std::pair<long long const, long long> >, std::__detail::_Select1st, std::equal_to<long long>, std::hash<long long>, std::__detail::_Mod_range_hashing, std::__detail::_Default_ranged_hash, std::__detail::_Prime_rehash_policy, std::__detail::_Hashtable_traits<false, false, true> >::_M_insert_bucket_begin(unsigned int, std::__detail::_Hash_node<std::pair<long long const, long long>, false>*)
 .text._ZNSt10_HashtableIxSt4pairIKxxESaIS2_ENSt8__detail10_Select1stESt8equal_toIxESt4hashIxENS4_18_Mod_range_hashingENS4_20_Default_ranged_hashENS4_20_Prime_rehash_policyENS4_17_Hashtable_traitsILb0ELb0ELb1EEEE13_M_rehash_auxEjSt17integral_constantIbLb1EE
                0x0380b3f0       0xe0 build/src/astar.o
                0x0380b3f0                std::_Hashtable<long long, std::pair<long long const, long long>, std::allocator<std::pair<long long const, long long> >, std::__detail::_Select1st, std::equal_to<long long>, std::hash<long long>, std::__detail::_Mod_range_hashing, std::__detail::_Default_ranged_hash, std::__detail::_Prime_rehash_policy, std::__detail::_Hashtable_traits<false, false, true> >::_M_rehash_aux(unsigned int, std::integral_constant<bool, true>)
 .text._ZNSt10_HashtableIxSt4pairIKxxESaIS2_ENSt8__detail10_Select1stESt8equal_toIxESt4hashIxENS4_18_Mod_range_hashingENS4_20_Default_ranged_hashENS4_20_Prime_rehash_policyENS4_17_Hashtable_traitsILb0ELb0ELb1EEEE4findERS1_
                0x0380b4d0       0xb0 build/src/astar.o
                0x0380b4d0                std::_Hashtable<long long, std::pair<long long const, long long>, std::allocator<std::pair<long long const, long long> >, std::__detail::_Select1st, std::equal_to<long long>, std::hash<long long>, std::__detail::_Mod_range_hashing, std::__detail::_Default_ranged_hash, std::__detail::_Prime_rehash_policy, std::__detail::_Hashtable_traits<false, false, true> >::find(long long const&)
 .text._ZN2ai10robot_linkC2ElPKcN3vex8linkTypeE
                0x0380b580       0x98 build/src/ai_robot_link.o
                0x0380b580                ai::robot_link::robot_link(long, char const*, vex::linkType)
                0x0380b580                ai::robot_link::robot_link(long, char const*, vex::linkType)
 .text._ZN2ai10robot_link7tx_taskEPv
                0x0380b618       0xe0 build/src/ai_robot_link.o
                0x0380b618                ai::robot_link::tx_task(void*)
 .text._ZN2ai10robot_link7rx_taskEPv
                0x0380b6f8       0x8c build/src/ai_robot_link.o
                0x0380b6f8                ai::robot_link::rx_task(void*)
 .text._ZN2ai10robot_linkD2Ev
                0x0380b784       0x4c build/src/ai_robot_link.o
                0x0380b784                ai::robot_link::~robot_link()
                0x0380b784                ai::robot_link::~robot_link()
 .text._ZN2ai10robot_linkD0Ev
                0x0380b7d0       0x14 build/src/ai_robot_link.o
                0x0380b7d0                ai::robot_link::~robot_link()
 .text._ZN2ai10robot_link11get_packetsEv
                0x0380b7e4        0x8 build/src/ai_robot_link.o
                0x0380b7e4                ai::robot_link::get_packets()
 .text._ZN2ai10robot_link10get_errorsEv
                0x0380b7ec        0x8 build/src/ai_robot_link.o
                0x0380b7ec                ai::robot_link::get_errors()
 .text._ZN2ai10robot_link12get_timeoutsEv
                0x0380b7f4        0x8 build/src/ai_robot_link.o
                0x0380b7f4                ai::robot_link::get_timeouts()
 .text._ZN2ai10robot_link9get_totalEv
                0x0380b7fc        0x8 build/src/ai_robot_link.o
                0x0380b7fc                ai::robot_link::get_total()
 .text._ZN2ai10robot_link19set_remote_locationEfffl
                0x0380b804       0x78 build/src/ai_robot_link.o
                0x0380b804                ai::robot_link::set_remote_location(float, float, float, long)
 .text._ZN2ai10robot_link18get_local_locationERfS1_S1_Rl
                0x0380b87c       0x88 build/src/ai_robot_link.o
                0x0380b87c                ai::robot_link::get_local_location(float&, float&, float&, long&)
 .text._ZN2ai10robot_link19get_remote_locationERfS1_S1_
                0x0380b904       0x7c build/src/ai_robot_link.o
                0x0380b904                ai::robot_link::get_remote_location(float&, float&, float&)
 .text._ZN2ai10robot_link7processEh
                0x0380b980      0x258 build/src/ai_robot_link.o
                0x0380b980                ai::robot_link::process(unsigned char)
 .text._ZN2ai6jetsonC2Ev
                0x0380bbd8       0x60 build/src/ai_jetson.o
                0x0380bbd8                ai::jetson::jetson()
                0x0380bbd8                ai::jetson::jetson()
 .text._ZN2ai6jetson12receive_taskEPv
                0x0380bc38       0x58 build/src/ai_jetson.o
                0x0380bc38                ai::jetson::receive_task(void*)
 .text._ZN2ai6jetsonD2Ev
                0x0380bc90       0x28 build/src/ai_jetson.o
                0x0380bc90                ai::jetson::~jetson()
                0x0380bc90                ai::jetson::~jetson()
 .text._ZN2ai6jetson11get_packetsEv
                0x0380bcb8        0x8 build/src/ai_jetson.o
                0x0380bcb8                ai::jetson::get_packets()
 .text._ZN2ai6jetson10get_errorsEv
                0x0380bcc0        0x8 build/src/ai_jetson.o
                0x0380bcc0                ai::jetson::get_errors()
 .text._ZN2ai6jetson12get_timeoutsEv
                0x0380bcc8        0x8 build/src/ai_jetson.o
                0x0380bcc8                ai::jetson::get_timeouts()
 .text._ZN2ai6jetson9get_totalEv
                0x0380bcd0        0x8 build/src/ai_jetson.o
                0x0380bcd0                ai::jetson::get_total()
 .text._ZN2ai6jetson8get_dataEP9AI_RECORD
                0x0380bcd8       0x5c build/src/ai_jetson.o
                0x0380bcd8                ai::jetson::get_data(AI_RECORD*)
 .text._ZN2ai6jetson5crc32EPhmm
                0x0380bd34       0x84 build/src/ai_jetson.o
                0x0380bd34                ai::jetson::crc32(unsigned char*, unsigned long, unsigned long)
 .text._ZN2ai6jetson5parseEh
                0x0380bdb8      0x31c build/src/ai_jetson.o
                0x0380bdb8                ai::jetson::parse(unsigned char)
 .text._ZN2ai6jetson11request_mapEv
                0x0380c0d4       0x88 build/src/ai_jetson.o
                0x0380c0d4                ai::jetson::request_map()
 .text._GLOBAL__sub_I_color_sort.cpp
                0x0380c15c       0x4c build/src/color_sort.o
 .text._Z15reduce_0_to_360f
                0x0380c1a8       0x7c build/src/JAR-Template/util.o
                0x0380c1a8                reduce_0_to_360(float)
 .text._Z26reduce_negative_180_to_180f
                0x0380c224       0x90 build/src/JAR-Template/util.o
                0x0380c224                reduce_negative_180_to_180(float)
 .text._Z5clampfff
                0x0380c2b4       0x2c build/src/JAR-Template/util.o
                0x0380c2b4                clamp(float, float, float)
 .text._Z11is_reversedd
                0x0380c2e0       0x18 build/src/JAR-Template/util.o
                0x0380c2e0                is_reversed(double)
 .text._Z7to_voltf
                0x0380c2f8       0x30 build/src/JAR-Template/util.o
                0x0380c2f8                to_volt(float)
 .text._Z7to_porti
                0x0380c328       0x10 build/src/JAR-Template/util.o
                0x0380c328                to_port(int)
 .text._Z8deadbandff
                0x0380c338       0x28 build/src/JAR-Template/util.o
                0x0380c338                deadband(float, float)
 .text._ZN4Odom22set_physical_distancesEff
                0x0380c360        0x8 build/src/JAR-Template/odom.o
                0x0380c360                Odom::set_physical_distances(float, float)
 .text._ZN5DriveC2E11drive_setupN3vex11motor_groupES2_ifffiiiiiffiff
                0x0380c368      0x268 build/src/JAR-Template/drive.o
                0x0380c368                Drive::Drive(drive_setup, vex::motor_group, vex::motor_group, int, float, float, float, int, int, int, int, int, float, float, int, float, float)
                0x0380c368                Drive::Drive(drive_setup, vex::motor_group, vex::motor_group, int, float, float, float, int, int, int, int, int, float, float, int, float, float)
 .text._ZN5Drive18drive_with_voltageEff
                0x0380c5d0       0x6c build/src/JAR-Template/drive.o
                0x0380c5d0                Drive::drive_with_voltage(float, float)
 .text._ZN5Drive18set_turn_constantsEfffff
                0x0380c63c       0x1c build/src/JAR-Template/drive.o
                0x0380c63c                Drive::set_turn_constants(float, float, float, float, float)
 .text._ZN5Drive19set_drive_constantsEfffff
                0x0380c658       0x1c build/src/JAR-Template/drive.o
                0x0380c658                Drive::set_drive_constants(float, float, float, float, float)
 .text._ZN5Drive21set_heading_constantsEfffff
                0x0380c674       0x1c build/src/JAR-Template/drive.o
                0x0380c674                Drive::set_heading_constants(float, float, float, float, float)
 .text._ZN5Drive19set_swing_constantsEfffff
                0x0380c690       0x1c build/src/JAR-Template/drive.o
                0x0380c690                Drive::set_swing_constants(float, float, float, float, float)
 .text._ZN5Drive24set_turn_exit_conditionsEfff
                0x0380c6ac        0xc build/src/JAR-Template/drive.o
                0x0380c6ac                Drive::set_turn_exit_conditions(float, float, float)
 .text._ZN5Drive25set_drive_exit_conditionsEfff
                0x0380c6b8        0xc build/src/JAR-Template/drive.o
                0x0380c6b8                Drive::set_drive_exit_conditions(float, float, float)
 .text._ZN5Drive25set_swing_exit_conditionsEfff
                0x0380c6c4        0xc build/src/JAR-Template/drive.o
                0x0380c6c4                Drive::set_swing_exit_conditions(float, float, float)
 .text._ZN5Drive20get_absolute_headingEv
                0x0380c6d0       0x48 build/src/JAR-Template/drive.o
                0x0380c6d0                Drive::get_absolute_heading()
 .text._ZN5Drive20get_left_position_inEv
                0x0380c718       0x3c build/src/JAR-Template/drive.o
                0x0380c718                Drive::get_left_position_in()
 .text._ZN5Drive21get_right_position_inEv
                0x0380c754       0x3c build/src/JAR-Template/drive.o
                0x0380c754                Drive::get_right_position_in()
 .text._ZN5Drive13turn_to_angleEf
                0x0380c790       0x50 build/src/JAR-Template/drive.o
                0x0380c790                Drive::turn_to_angle(float)
 .text._ZN5Drive13turn_to_angleEfffffffff
                0x0380c7e0      0x158 build/src/JAR-Template/drive.o
                0x0380c7e0                Drive::turn_to_angle(float, float, float, float, float, float, float, float, float)
 .text._ZN5Drive14drive_distanceEf
                0x0380c938       0xc8 build/src/JAR-Template/drive.o
                0x0380c938                Drive::drive_distance(float)
 .text._ZN5Drive14drive_distanceEfffffffffffffff
                0x0380ca00      0x2c0 build/src/JAR-Template/drive.o
                0x0380ca00                Drive::drive_distance(float, float, float, float, float, float, float, float, float, float, float, float, float, float, float)
 .text._ZN5Drive14drive_distanceEff
                0x0380ccc0       0x7c build/src/JAR-Template/drive.o
                0x0380ccc0                Drive::drive_distance(float, float)
 *fill*         0x0380cd3c        0x4 
 .text._ZN5Drive11set_headingEf
                0x0380cd40       0x50 build/src/JAR-Template/drive.o
                0x0380cd40                Drive::set_heading(float)
 .text._ZN5Drive14control_arcadeEv
                0x0380cd90      0x114 build/src/JAR-Template/drive.o
                0x0380cd90                Drive::control_arcade()
 .text._ZN3PIDC2Efffff
                0x0380cea4       0x38 build/src/JAR-Template/PID.o
                0x0380cea4                PID::PID(float, float, float, float, float)
                0x0380cea4                PID::PID(float, float, float, float, float)
 .text._ZN3PIDC2Effffffff
                0x0380cedc       0x50 build/src/JAR-Template/PID.o
                0x0380cedc                PID::PID(float, float, float, float, float, float, float, float)
                0x0380cedc                PID::PID(float, float, float, float, float, float, float, float)
 .text._ZN3PID7computeEf
                0x0380cf2c       0xd0 build/src/JAR-Template/PID.o
                0x0380cf2c                PID::compute(float)
 .text._ZN3PID10is_settledEv
                0x0380cffc       0x44 build/src/JAR-Template/PID.o
                0x0380cffc                PID::is_settled()
 .text.vexMain  0x0380d040       0xb0 c:\Users\surya\AppData\Roaming\Cursor\User\globalStorage\vexrobotics.vexcode\sdk\cpp\V5\V5_20240802_15_00_00/vexv5\libv5rt.a(v5_startup.c.obj)
                0x0380d040                vexMain
 .text.__vex_function_prolog
                0x0380d0f0       0x18 c:\Users\surya\AppData\Roaming\Cursor\User\globalStorage\vexrobotics.vexcode\sdk\cpp\V5\V5_20240802_15_00_00/vexv5\libv5rt.a(v5_startup.c.obj)
                0x0380d0f0                __vex_function_prolog
 .text._init    0x0380d108        0x4 c:\Users\surya\AppData\Roaming\Cursor\User\globalStorage\vexrobotics.vexcode\sdk\cpp\V5\V5_20240802_15_00_00/vexv5\libv5rt.a(v5_startup.c.obj)
                0x0380d108                _init
 .text._fini    0x0380d10c        0x4 c:\Users\surya\AppData\Roaming\Cursor\User\globalStorage\vexrobotics.vexcode\sdk\cpp\V5\V5_20240802_15_00_00/vexv5\libv5rt.a(v5_startup.c.obj)
                0x0380d10c                _fini
 .text.vexStdlibVersionLinked
                0x0380d110        0xc c:\Users\surya\AppData\Roaming\Cursor\User\globalStorage\vexrobotics.vexcode\sdk\cpp\V5\V5_20240802_15_00_00/vexv5\libv5rt.a(v5_util.c.obj)
                0x0380d110                vexStdlibVersionLinked
 .text.vexStdlibVersionVerify
                0x0380d11c       0x30 c:\Users\surya\AppData\Roaming\Cursor\User\globalStorage\vexrobotics.vexcode\sdk\cpp\V5\V5_20240802_15_00_00/vexv5\libv5rt.a(v5_util.c.obj)
                0x0380d11c                vexStdlibVersionVerify
 .text.vexPrivateApiEnable
                0x0380d14c       0x10 c:\Users\surya\AppData\Roaming\Cursor\User\globalStorage\vexrobotics.vexcode\sdk\cpp\V5\V5_20240802_15_00_00/vexv5\libv5rt.a(v5_apijump.c.obj)
                0x0380d14c                vexPrivateApiEnable
 .text.vexStdlibMismatchError
                0x0380d15c       0x3c c:\Users\surya\AppData\Roaming\Cursor\User\globalStorage\vexrobotics.vexcode\sdk\cpp\V5\V5_20240802_15_00_00/vexv5\libv5rt.a(v5_apijump.c.obj)
                0x0380d15c                vexStdlibMismatchError
 .text.vexTaskAdd
                0x0380d198       0x10 c:\Users\surya\AppData\Roaming\Cursor\User\globalStorage\vexrobotics.vexcode\sdk\cpp\V5\V5_20240802_15_00_00/vexv5\libv5rt.a(v5_apijump.c.obj)
                0x0380d198                vexTaskAdd
 .text.vexTasksRun
                0x0380d1a8       0x10 c:\Users\surya\AppData\Roaming\Cursor\User\globalStorage\vexrobotics.vexcode\sdk\cpp\V5\V5_20240802_15_00_00/vexv5\libv5rt.a(v5_apijump.c.obj)
                0x0380d1a8                vexTasksRun
 .text.vexTaskYield
                0x0380d1b8       0x10 c:\Users\surya\AppData\Roaming\Cursor\User\globalStorage\vexrobotics.vexcode\sdk\cpp\V5\V5_20240802_15_00_00/vexv5\libv5rt.a(v5_apijump.c.obj)
                0x0380d1b8                vexTaskYield
 .text.vexTaskCheckTimeslice
                0x0380d1c8       0x10 c:\Users\surya\AppData\Roaming\Cursor\User\globalStorage\vexrobotics.vexcode\sdk\cpp\V5\V5_20240802_15_00_00/vexv5\libv5rt.a(v5_apijump.c.obj)
                0x0380d1c8                vexTaskCheckTimeslice
 .text.vexTaskGetIndex
                0x0380d1d8       0x10 c:\Users\surya\AppData\Roaming\Cursor\User\globalStorage\vexrobotics.vexcode\sdk\cpp\V5\V5_20240802_15_00_00/vexv5\libv5rt.a(v5_apijump.c.obj)
                0x0380d1d8                vexTaskGetIndex
 .text.vexTaskSleep
                0x0380d1e8       0x10 c:\Users\surya\AppData\Roaming\Cursor\User\globalStorage\vexrobotics.vexcode\sdk\cpp\V5\V5_20240802_15_00_00/vexv5\libv5rt.a(v5_apijump.c.obj)
                0x0380d1e8                vexTaskSleep
 .text.vexSemaphoreInit
                0x0380d1f8       0x24 c:\Users\surya\AppData\Roaming\Cursor\User\globalStorage\vexrobotics.vexcode\sdk\cpp\V5\V5_20240802_15_00_00/vexv5\libv5rt.a(v5_apijump.c.obj)
                0x0380d1f8                vexSemaphoreInit
 .text.vexSemaphoreLock
                0x0380d21c       0x2c c:\Users\surya\AppData\Roaming\Cursor\User\globalStorage\vexrobotics.vexcode\sdk\cpp\V5\V5_20240802_15_00_00/vexv5\libv5rt.a(v5_apijump.c.obj)
                0x0380d21c                vexSemaphoreLock
 .text.vexSemaphoreUnlock
                0x0380d248       0x24 c:\Users\surya\AppData\Roaming\Cursor\User\globalStorage\vexrobotics.vexcode\sdk\cpp\V5\V5_20240802_15_00_00/vexv5\libv5rt.a(v5_apijump.c.obj)
                0x0380d248                vexSemaphoreUnlock
 .text.vexTasksDump
                0x0380d26c       0x1c c:\Users\surya\AppData\Roaming\Cursor\User\globalStorage\vexrobotics.vexcode\sdk\cpp\V5\V5_20240802_15_00_00/vexv5\libv5rt.a(v5_apijump.c.obj)
                0x0380d26c                vexTasksDump
 .text.vexTaskStateGet
                0x0380d288       0x10 c:\Users\surya\AppData\Roaming\Cursor\User\globalStorage\vexrobotics.vexcode\sdk\cpp\V5\V5_20240802_15_00_00/vexv5\libv5rt.a(v5_apijump.c.obj)
                0x0380d288                vexTaskStateGet
 .text.vexTaskGetTaskIndex
                0x0380d298       0x10 c:\Users\surya\AppData\Roaming\Cursor\User\globalStorage\vexrobotics.vexcode\sdk\cpp\V5\V5_20240802_15_00_00/vexv5\libv5rt.a(v5_apijump.c.obj)
                0x0380d298                vexTaskGetTaskIndex
 .text.vexTaskStopAll
                0x0380d2a8       0x10 c:\Users\surya\AppData\Roaming\Cursor\User\globalStorage\vexrobotics.vexcode\sdk\cpp\V5\V5_20240802_15_00_00/vexv5\libv5rt.a(v5_apijump.c.obj)
                0x0380d2a8                vexTaskStopAll
 .text.vexTaskRemoveAllUser
                0x0380d2b8       0x34 c:\Users\surya\AppData\Roaming\Cursor\User\globalStorage\vexrobotics.vexcode\sdk\cpp\V5\V5_20240802_15_00_00/vexv5\libv5rt.a(v5_apijump.c.obj)
                0x0380d2b8                vexTaskRemoveAllUser
 .text.vexTaskCompletionIdSet
                0x0380d2ec       0x10 c:\Users\surya\AppData\Roaming\Cursor\User\globalStorage\vexrobotics.vexcode\sdk\cpp\V5\V5_20240802_15_00_00/vexv5\libv5rt.a(v5_apijump.c.obj)
                0x0380d2ec                vexTaskCompletionIdSet
 .text.vexTaskAddWithArg
                0x0380d2fc       0x10 c:\Users\surya\AppData\Roaming\Cursor\User\globalStorage\vexrobotics.vexcode\sdk\cpp\V5\V5_20240802_15_00_00/vexv5\libv5rt.a(v5_apijump.c.obj)
                0x0380d2fc                vexTaskAddWithArg
 .text.vexTaskStopWithId
                0x0380d30c       0x10 c:\Users\surya\AppData\Roaming\Cursor\User\globalStorage\vexrobotics.vexcode\sdk\cpp\V5\V5_20240802_15_00_00/vexv5\libv5rt.a(v5_apijump.c.obj)
                0x0380d30c                vexTaskStopWithId
 .text.vexTaskPrioritySetWithId
                0x0380d31c       0x10 c:\Users\surya\AppData\Roaming\Cursor\User\globalStorage\vexrobotics.vexcode\sdk\cpp\V5\V5_20240802_15_00_00/vexv5\libv5rt.a(v5_apijump.c.obj)
                0x0380d31c                vexTaskPrioritySetWithId
 .text.vexTaskGetCallbackAndId
                0x0380d32c       0x54 c:\Users\surya\AppData\Roaming\Cursor\User\globalStorage\vexrobotics.vexcode\sdk\cpp\V5\V5_20240802_15_00_00/vexv5\libv5rt.a(v5_apijump.c.obj)
                0x0380d32c                vexTaskGetCallbackAndId
 .text.vexCriticalSection
                0x0380d380       0x2c c:\Users\surya\AppData\Roaming\Cursor\User\globalStorage\vexrobotics.vexcode\sdk\cpp\V5\V5_20240802_15_00_00/vexv5\libv5rt.a(v5_apijump.c.obj)
                0x0380d380                vexCriticalSection
 .text.vexEventAdd
                0x0380d3ac       0x34 c:\Users\surya\AppData\Roaming\Cursor\User\globalStorage\vexrobotics.vexcode\sdk\cpp\V5\V5_20240802_15_00_00/vexv5\libv5rt.a(v5_apijump.c.obj)
                0x0380d3ac                vexEventAdd
 .text.vexEventUserIndexGet
                0x0380d3e0       0x1c c:\Users\surya\AppData\Roaming\Cursor\User\globalStorage\vexrobotics.vexcode\sdk\cpp\V5\V5_20240802_15_00_00/vexv5\libv5rt.a(v5_apijump.c.obj)
                0x0380d3e0                vexEventUserIndexGet
 .text.vexEventAddWithArg
                0x0380d3fc       0x3c c:\Users\surya\AppData\Roaming\Cursor\User\globalStorage\vexrobotics.vexcode\sdk\cpp\V5\V5_20240802_15_00_00/vexv5\libv5rt.a(v5_apijump.c.obj)
                0x0380d3fc                vexEventAddWithArg
 .text.vexEventsCleanup
                0x0380d438       0x2c c:\Users\surya\AppData\Roaming\Cursor\User\globalStorage\vexrobotics.vexcode\sdk\cpp\V5\V5_20240802_15_00_00/vexv5\libv5rt.a(v5_apijump.c.obj)
                0x0380d438                vexEventsCleanup
 .text.vexDebug
                0x0380d464       0x38 c:\Users\surya\AppData\Roaming\Cursor\User\globalStorage\vexrobotics.vexcode\sdk\cpp\V5\V5_20240802_15_00_00/vexv5\libv5rt.a(v5_apijump.c.obj)
                0x0380d464                vexDebug
 .text.vex_sprintf
                0x0380d49c       0x40 c:\Users\surya\AppData\Roaming\Cursor\User\globalStorage\vexrobotics.vexcode\sdk\cpp\V5\V5_20240802_15_00_00/vexv5\libv5rt.a(v5_apijump.c.obj)
                0x0380d49c                vex_sprintf
 .text.vex_vsnprintf
                0x0380d4dc       0x3c c:\Users\surya\AppData\Roaming\Cursor\User\globalStorage\vexrobotics.vexcode\sdk\cpp\V5\V5_20240802_15_00_00/vexv5\libv5rt.a(v5_apijump.c.obj)
                0x0380d4dc                vex_vsnprintf
 .text.vexSystemTimeGet
                0x0380d518       0x1c c:\Users\surya\AppData\Roaming\Cursor\User\globalStorage\vexrobotics.vexcode\sdk\cpp\V5\V5_20240802_15_00_00/vexv5\libv5rt.a(v5_apijump.c.obj)
                0x0380d518                vexSystemTimeGet
 .text.vexSystemExitRequest
                0x0380d534       0x1c c:\Users\surya\AppData\Roaming\Cursor\User\globalStorage\vexrobotics.vexcode\sdk\cpp\V5\V5_20240802_15_00_00/vexv5\libv5rt.a(v5_apijump.c.obj)
                0x0380d534                vexSystemExitRequest
 .text.vexDeviceGetByIndex
                0x0380d550       0x24 c:\Users\surya\AppData\Roaming\Cursor\User\globalStorage\vexrobotics.vexcode\sdk\cpp\V5\V5_20240802_15_00_00/vexv5\libv5rt.a(v5_apijump.c.obj)
                0x0380d550                vexDeviceGetByIndex
 .text.vexDeviceGetTimestamp
                0x0380d574       0x3c c:\Users\surya\AppData\Roaming\Cursor\User\globalStorage\vexrobotics.vexcode\sdk\cpp\V5\V5_20240802_15_00_00/vexv5\libv5rt.a(v5_apijump.c.obj)
                0x0380d574                vexDeviceGetTimestamp
 .text.vexControllerGet
                0x0380d5b0       0x2c c:\Users\surya\AppData\Roaming\Cursor\User\globalStorage\vexrobotics.vexcode\sdk\cpp\V5\V5_20240802_15_00_00/vexv5\libv5rt.a(v5_apijump.c.obj)
                0x0380d5b0                vexControllerGet
 .text.vexControllerTextSet
                0x0380d5dc       0x74 c:\Users\surya\AppData\Roaming\Cursor\User\globalStorage\vexrobotics.vexcode\sdk\cpp\V5\V5_20240802_15_00_00/vexv5\libv5rt.a(v5_apijump.c.obj)
                0x0380d5dc                vexControllerTextSet
 .text.vexDeviceAdiPortConfigSet
                0x0380d650       0x34 c:\Users\surya\AppData\Roaming\Cursor\User\globalStorage\vexrobotics.vexcode\sdk\cpp\V5\V5_20240802_15_00_00/vexv5\libv5rt.a(v5_apijump.c.obj)
                0x0380d650                vexDeviceAdiPortConfigSet
 .text.vexDeviceAdiPortConfigGet
                0x0380d684       0x2c c:\Users\surya\AppData\Roaming\Cursor\User\globalStorage\vexrobotics.vexcode\sdk\cpp\V5\V5_20240802_15_00_00/vexv5\libv5rt.a(v5_apijump.c.obj)
                0x0380d684                vexDeviceAdiPortConfigGet
 .text.vexDeviceAdiValueSet
                0x0380d6b0       0x34 c:\Users\surya\AppData\Roaming\Cursor\User\globalStorage\vexrobotics.vexcode\sdk\cpp\V5\V5_20240802_15_00_00/vexv5\libv5rt.a(v5_apijump.c.obj)
                0x0380d6b0                vexDeviceAdiValueSet
 .text.vexDeviceMotorVelocitySet
                0x0380d6e4       0x2c c:\Users\surya\AppData\Roaming\Cursor\User\globalStorage\vexrobotics.vexcode\sdk\cpp\V5\V5_20240802_15_00_00/vexv5\libv5rt.a(v5_apijump.c.obj)
                0x0380d6e4                vexDeviceMotorVelocitySet
 .text.vexDeviceMotorVoltageSet
                0x0380d710       0x2c c:\Users\surya\AppData\Roaming\Cursor\User\globalStorage\vexrobotics.vexcode\sdk\cpp\V5\V5_20240802_15_00_00/vexv5\libv5rt.a(v5_apijump.c.obj)
                0x0380d710                vexDeviceMotorVoltageSet
 .text.vexDeviceMotorVelocityGet
                0x0380d73c       0x24 c:\Users\surya\AppData\Roaming\Cursor\User\globalStorage\vexrobotics.vexcode\sdk\cpp\V5\V5_20240802_15_00_00/vexv5\libv5rt.a(v5_apijump.c.obj)
                0x0380d73c                vexDeviceMotorVelocityGet
 .text.vexDeviceMotorActualVelocityGet
                0x0380d760       0x24 c:\Users\surya\AppData\Roaming\Cursor\User\globalStorage\vexrobotics.vexcode\sdk\cpp\V5\V5_20240802_15_00_00/vexv5\libv5rt.a(v5_apijump.c.obj)
                0x0380d760                vexDeviceMotorActualVelocityGet
 .text.vexDeviceMotorModeGet
                0x0380d784       0x24 c:\Users\surya\AppData\Roaming\Cursor\User\globalStorage\vexrobotics.vexcode\sdk\cpp\V5\V5_20240802_15_00_00/vexv5\libv5rt.a(v5_apijump.c.obj)
                0x0380d784                vexDeviceMotorModeGet
 .text.vexDeviceMotorZeroPositionFlagGet
                0x0380d7a8       0x24 c:\Users\surya\AppData\Roaming\Cursor\User\globalStorage\vexrobotics.vexcode\sdk\cpp\V5\V5_20240802_15_00_00/vexv5\libv5rt.a(v5_apijump.c.obj)
                0x0380d7a8                vexDeviceMotorZeroPositionFlagGet
 .text.vexDeviceMotorReverseFlagSet
                0x0380d7cc       0x2c c:\Users\surya\AppData\Roaming\Cursor\User\globalStorage\vexrobotics.vexcode\sdk\cpp\V5\V5_20240802_15_00_00/vexv5\libv5rt.a(v5_apijump.c.obj)
                0x0380d7cc                vexDeviceMotorReverseFlagSet
 .text.vexDeviceMotorEncoderUnitsSet
                0x0380d7f8       0x2c c:\Users\surya\AppData\Roaming\Cursor\User\globalStorage\vexrobotics.vexcode\sdk\cpp\V5\V5_20240802_15_00_00/vexv5\libv5rt.a(v5_apijump.c.obj)
                0x0380d7f8                vexDeviceMotorEncoderUnitsSet
 .text.vexDeviceMotorBrakeModeSet
                0x0380d824       0x2c c:\Users\surya\AppData\Roaming\Cursor\User\globalStorage\vexrobotics.vexcode\sdk\cpp\V5\V5_20240802_15_00_00/vexv5\libv5rt.a(v5_apijump.c.obj)
                0x0380d824                vexDeviceMotorBrakeModeSet
 .text.vexDeviceMotorPositionSet
                0x0380d850       0x34 c:\Users\surya\AppData\Roaming\Cursor\User\globalStorage\vexrobotics.vexcode\sdk\cpp\V5\V5_20240802_15_00_00/vexv5\libv5rt.a(v5_apijump.c.obj)
                0x0380d850                vexDeviceMotorPositionSet
 .text.vexDeviceMotorPositionGet
                0x0380d884       0x24 c:\Users\surya\AppData\Roaming\Cursor\User\globalStorage\vexrobotics.vexcode\sdk\cpp\V5\V5_20240802_15_00_00/vexv5\libv5rt.a(v5_apijump.c.obj)
                0x0380d884                vexDeviceMotorPositionGet
 .text.vexDeviceMotorRelativeTargetSet
                0x0380d8a8       0x3c c:\Users\surya\AppData\Roaming\Cursor\User\globalStorage\vexrobotics.vexcode\sdk\cpp\V5\V5_20240802_15_00_00/vexv5\libv5rt.a(v5_apijump.c.obj)
                0x0380d8a8                vexDeviceMotorRelativeTargetSet
 .text.vexDeviceMotorGearingSet
                0x0380d8e4       0x2c c:\Users\surya\AppData\Roaming\Cursor\User\globalStorage\vexrobotics.vexcode\sdk\cpp\V5\V5_20240802_15_00_00/vexv5\libv5rt.a(v5_apijump.c.obj)
                0x0380d8e4                vexDeviceMotorGearingSet
 .text.vexDeviceMotorGearingGet
                0x0380d910       0x24 c:\Users\surya\AppData\Roaming\Cursor\User\globalStorage\vexrobotics.vexcode\sdk\cpp\V5\V5_20240802_15_00_00/vexv5\libv5rt.a(v5_apijump.c.obj)
                0x0380d910                vexDeviceMotorGearingGet
 .text.vexDeviceImuReset
                0x0380d934       0x24 c:\Users\surya\AppData\Roaming\Cursor\User\globalStorage\vexrobotics.vexcode\sdk\cpp\V5\V5_20240802_15_00_00/vexv5\libv5rt.a(v5_apijump.c.obj)
                0x0380d934                vexDeviceImuReset
 .text.vexDeviceImuHeadingGet
                0x0380d958       0x24 c:\Users\surya\AppData\Roaming\Cursor\User\globalStorage\vexrobotics.vexcode\sdk\cpp\V5\V5_20240802_15_00_00/vexv5\libv5rt.a(v5_apijump.c.obj)
                0x0380d958                vexDeviceImuHeadingGet
 .text.vexDeviceImuDegreesGet
                0x0380d97c       0x24 c:\Users\surya\AppData\Roaming\Cursor\User\globalStorage\vexrobotics.vexcode\sdk\cpp\V5\V5_20240802_15_00_00/vexv5\libv5rt.a(v5_apijump.c.obj)
                0x0380d97c                vexDeviceImuDegreesGet
 .text.vexDeviceImuStatusGet
                0x0380d9a0       0x24 c:\Users\surya\AppData\Roaming\Cursor\User\globalStorage\vexrobotics.vexcode\sdk\cpp\V5\V5_20240802_15_00_00/vexv5\libv5rt.a(v5_apijump.c.obj)
                0x0380d9a0                vexDeviceImuStatusGet
 .text.vexDeviceAbsEncAngleGet
                0x0380d9c4       0x24 c:\Users\surya\AppData\Roaming\Cursor\User\globalStorage\vexrobotics.vexcode\sdk\cpp\V5\V5_20240802_15_00_00/vexv5\libv5rt.a(v5_apijump.c.obj)
                0x0380d9c4                vexDeviceAbsEncAngleGet
 .text.vexDeviceAbsEncReverseFlagSet
                0x0380d9e8       0x2c c:\Users\surya\AppData\Roaming\Cursor\User\globalStorage\vexrobotics.vexcode\sdk\cpp\V5\V5_20240802_15_00_00/vexv5\libv5rt.a(v5_apijump.c.obj)
                0x0380d9e8                vexDeviceAbsEncReverseFlagSet
 .text.vexDeviceOpticalHueGet
                0x0380da14       0x24 c:\Users\surya\AppData\Roaming\Cursor\User\globalStorage\vexrobotics.vexcode\sdk\cpp\V5\V5_20240802_15_00_00/vexv5\libv5rt.a(v5_apijump.c.obj)
                0x0380da14                vexDeviceOpticalHueGet
 .text.vexDeviceOpticalProximityGet
                0x0380da38       0x24 c:\Users\surya\AppData\Roaming\Cursor\User\globalStorage\vexrobotics.vexcode\sdk\cpp\V5\V5_20240802_15_00_00/vexv5\libv5rt.a(v5_apijump.c.obj)
                0x0380da38                vexDeviceOpticalProximityGet
 .text.vexDeviceOpticalGestureEnable
                0x0380da5c       0x24 c:\Users\surya\AppData\Roaming\Cursor\User\globalStorage\vexrobotics.vexcode\sdk\cpp\V5\V5_20240802_15_00_00/vexv5\libv5rt.a(v5_apijump.c.obj)
                0x0380da5c                vexDeviceOpticalGestureEnable
 .text.vexDeviceOpticalGestureDisable
                0x0380da80       0x24 c:\Users\surya\AppData\Roaming\Cursor\User\globalStorage\vexrobotics.vexcode\sdk\cpp\V5\V5_20240802_15_00_00/vexv5\libv5rt.a(v5_apijump.c.obj)
                0x0380da80                vexDeviceOpticalGestureDisable
 .text.vexDeviceOpticalProximityThreshold
                0x0380daa4       0x2c c:\Users\surya\AppData\Roaming\Cursor\User\globalStorage\vexrobotics.vexcode\sdk\cpp\V5\V5_20240802_15_00_00/vexv5\libv5rt.a(v5_apijump.c.obj)
                0x0380daa4                vexDeviceOpticalProximityThreshold
 .text.vexDeviceDistanceDistanceGet
                0x0380dad0       0x24 c:\Users\surya\AppData\Roaming\Cursor\User\globalStorage\vexrobotics.vexcode\sdk\cpp\V5\V5_20240802_15_00_00/vexv5\libv5rt.a(v5_apijump.c.obj)
                0x0380dad0                vexDeviceDistanceDistanceGet
 .text.vexDeviceDistanceObjectSizeGet
                0x0380daf4       0x24 c:\Users\surya\AppData\Roaming\Cursor\User\globalStorage\vexrobotics.vexcode\sdk\cpp\V5\V5_20240802_15_00_00/vexv5\libv5rt.a(v5_apijump.c.obj)
                0x0380daf4                vexDeviceDistanceObjectSizeGet
 .text.vexDeviceGpsReset
                0x0380db18       0x38 c:\Users\surya\AppData\Roaming\Cursor\User\globalStorage\vexrobotics.vexcode\sdk\cpp\V5\V5_20240802_15_00_00/vexv5\libv5rt.a(v5_apijump.c.obj)
                0x0380db18                vexDeviceGpsReset
 .text.vexDeviceGpsHeadingGet
                0x0380db50       0x44 c:\Users\surya\AppData\Roaming\Cursor\User\globalStorage\vexrobotics.vexcode\sdk\cpp\V5\V5_20240802_15_00_00/vexv5\libv5rt.a(v5_apijump.c.obj)
                0x0380db50                vexDeviceGpsHeadingGet
 .text.vexDeviceGpsDegreesGet
                0x0380db94       0x44 c:\Users\surya\AppData\Roaming\Cursor\User\globalStorage\vexrobotics.vexcode\sdk\cpp\V5\V5_20240802_15_00_00/vexv5\libv5rt.a(v5_apijump.c.obj)
                0x0380db94                vexDeviceGpsDegreesGet
 .text.vexDeviceGpsAttitudeGet
                0x0380dbd8      0x198 c:\Users\surya\AppData\Roaming\Cursor\User\globalStorage\vexrobotics.vexcode\sdk\cpp\V5\V5_20240802_15_00_00/vexv5\libv5rt.a(v5_apijump.c.obj)
                0x0380dbd8                vexDeviceGpsAttitudeGet
 .text.vexDeviceGpsStatusGet
                0x0380dd70       0x40 c:\Users\surya\AppData\Roaming\Cursor\User\globalStorage\vexrobotics.vexcode\sdk\cpp\V5\V5_20240802_15_00_00/vexv5\libv5rt.a(v5_apijump.c.obj)
                0x0380dd70                vexDeviceGpsStatusGet
 .text.vexDeviceGpsModeSet
                0x0380ddb0       0x40 c:\Users\surya\AppData\Roaming\Cursor\User\globalStorage\vexrobotics.vexcode\sdk\cpp\V5\V5_20240802_15_00_00/vexv5\libv5rt.a(v5_apijump.c.obj)
                0x0380ddb0                vexDeviceGpsModeSet
 .text.vexDeviceGpsOriginSet
                0x0380ddf0       0x50 c:\Users\surya\AppData\Roaming\Cursor\User\globalStorage\vexrobotics.vexcode\sdk\cpp\V5\V5_20240802_15_00_00/vexv5\libv5rt.a(v5_apijump.c.obj)
                0x0380ddf0                vexDeviceGpsOriginSet
 .text.vexDeviceGpsRotationSet
                0x0380de40       0x48 c:\Users\surya\AppData\Roaming\Cursor\User\globalStorage\vexrobotics.vexcode\sdk\cpp\V5\V5_20240802_15_00_00/vexv5\libv5rt.a(v5_apijump.c.obj)
                0x0380de40                vexDeviceGpsRotationSet
 .text.vexDeviceGpsRotationGet
                0x0380de88       0x44 c:\Users\surya\AppData\Roaming\Cursor\User\globalStorage\vexrobotics.vexcode\sdk\cpp\V5\V5_20240802_15_00_00/vexv5\libv5rt.a(v5_apijump.c.obj)
                0x0380de88                vexDeviceGpsRotationGet
 .text.vexDeviceGpsErrorGet
                0x0380decc       0x44 c:\Users\surya\AppData\Roaming\Cursor\User\globalStorage\vexrobotics.vexcode\sdk\cpp\V5\V5_20240802_15_00_00/vexv5\libv5rt.a(v5_apijump.c.obj)
                0x0380decc                vexDeviceGpsErrorGet
 .text.vexDisplayForegroundColor
                0x0380df10       0x24 c:\Users\surya\AppData\Roaming\Cursor\User\globalStorage\vexrobotics.vexcode\sdk\cpp\V5\V5_20240802_15_00_00/vexv5\libv5rt.a(v5_apijump.c.obj)
                0x0380df10                vexDisplayForegroundColor
 .text.vexDisplayBackgroundColor
                0x0380df34       0x24 c:\Users\surya\AppData\Roaming\Cursor\User\globalStorage\vexrobotics.vexcode\sdk\cpp\V5\V5_20240802_15_00_00/vexv5\libv5rt.a(v5_apijump.c.obj)
                0x0380df34                vexDisplayBackgroundColor
 .text.vexDisplayBackgroundColorGet
                0x0380df58       0x1c c:\Users\surya\AppData\Roaming\Cursor\User\globalStorage\vexrobotics.vexcode\sdk\cpp\V5\V5_20240802_15_00_00/vexv5\libv5rt.a(v5_apijump.c.obj)
                0x0380df58                vexDisplayBackgroundColorGet
 .text.vexDisplayRectDraw
                0x0380df74       0x4c c:\Users\surya\AppData\Roaming\Cursor\User\globalStorage\vexrobotics.vexcode\sdk\cpp\V5\V5_20240802_15_00_00/vexv5\libv5rt.a(v5_apijump.c.obj)
                0x0380df74                vexDisplayRectDraw
 .text.vexDisplayRectClear
                0x0380dfc0       0x4c c:\Users\surya\AppData\Roaming\Cursor\User\globalStorage\vexrobotics.vexcode\sdk\cpp\V5\V5_20240802_15_00_00/vexv5\libv5rt.a(v5_apijump.c.obj)
                0x0380dfc0                vexDisplayRectClear
 .text.vexDisplayVPrintf
                0x0380e00c       0x50 c:\Users\surya\AppData\Roaming\Cursor\User\globalStorage\vexrobotics.vexcode\sdk\cpp\V5\V5_20240802_15_00_00/vexv5\libv5rt.a(v5_apijump.c.obj)
                0x0380e00c                vexDisplayVPrintf
 .text.vexDisplayTextReference
                0x0380e05c       0x24 c:\Users\surya\AppData\Roaming\Cursor\User\globalStorage\vexrobotics.vexcode\sdk\cpp\V5\V5_20240802_15_00_00/vexv5\libv5rt.a(v5_apijump.c.obj)
                0x0380e05c                vexDisplayTextReference
 .text.vexDisplayTextSize
                0x0380e080       0x2c c:\Users\surya\AppData\Roaming\Cursor\User\globalStorage\vexrobotics.vexcode\sdk\cpp\V5\V5_20240802_15_00_00/vexv5\libv5rt.a(v5_apijump.c.obj)
                0x0380e080                vexDisplayTextSize
 .text.vexDisplayFontNamedSet
                0x0380e0ac       0x24 c:\Users\surya\AppData\Roaming\Cursor\User\globalStorage\vexrobotics.vexcode\sdk\cpp\V5\V5_20240802_15_00_00/vexv5\libv5rt.a(v5_apijump.c.obj)
                0x0380e0ac                vexDisplayFontNamedSet
 .text.vexDisplayPenSizeGet
                0x0380e0d0       0x1c c:\Users\surya\AppData\Roaming\Cursor\User\globalStorage\vexrobotics.vexcode\sdk\cpp\V5\V5_20240802_15_00_00/vexv5\libv5rt.a(v5_apijump.c.obj)
                0x0380e0d0                vexDisplayPenSizeGet
 .text.vexSystemStdlibImpureDataAddr
                0x0380e0ec       0x28 c:\Users\surya\AppData\Roaming\Cursor\User\globalStorage\vexrobotics.vexcode\sdk\cpp\V5\V5_20240802_15_00_00/vexv5\libv5rt.a(v5_apijump.c.obj)
                0x0380e0ec                vexSystemStdlibImpureDataAddr
 .text.vexSystemStdlibImpureDataSize
                0x0380e114       0x28 c:\Users\surya\AppData\Roaming\Cursor\User\globalStorage\vexrobotics.vexcode\sdk\cpp\V5\V5_20240802_15_00_00/vexv5\libv5rt.a(v5_apijump.c.obj)
                0x0380e114                vexSystemStdlibImpureDataSize
 .text.vexSystemSaveUserData
                0x0380e13c       0x3c c:\Users\surya\AppData\Roaming\Cursor\User\globalStorage\vexrobotics.vexcode\sdk\cpp\V5\V5_20240802_15_00_00/vexv5\libv5rt.a(v5_apijump.c.obj)
                0x0380e13c                vexSystemSaveUserData
 .text.vexDisplayClipRegionSet
                0x0380e178       0x4c c:\Users\surya\AppData\Roaming\Cursor\User\globalStorage\vexrobotics.vexcode\sdk\cpp\V5\V5_20240802_15_00_00/vexv5\libv5rt.a(v5_apijump.c.obj)
                0x0380e178                vexDisplayClipRegionSet
 .text.vexDisplayThemeIdGet
                0x0380e1c4       0x38 c:\Users\surya\AppData\Roaming\Cursor\User\globalStorage\vexrobotics.vexcode\sdk\cpp\V5\V5_20240802_15_00_00/vexv5\libv5rt.a(v5_apijump.c.obj)
                0x0380e1c4                vexDisplayThemeIdGet
 .text.vexDisplayRender
                0x0380e1fc       0x2c c:\Users\surya\AppData\Roaming\Cursor\User\globalStorage\vexrobotics.vexcode\sdk\cpp\V5\V5_20240802_15_00_00/vexv5\libv5rt.a(v5_apijump.c.obj)
                0x0380e1fc                vexDisplayRender
 .text.vexDeviceEventMaskSet
                0x0380e228       0x48 c:\Users\surya\AppData\Roaming\Cursor\User\globalStorage\vexrobotics.vexcode\sdk\cpp\V5\V5_20240802_15_00_00/vexv5\libv5rt.a(v5_apijump.c.obj)
                0x0380e228                vexDeviceEventMaskSet
 .text.vexDeviceEventMaskGet
                0x0380e270       0x3c c:\Users\surya\AppData\Roaming\Cursor\User\globalStorage\vexrobotics.vexcode\sdk\cpp\V5\V5_20240802_15_00_00/vexv5\libv5rt.a(v5_apijump.c.obj)
                0x0380e270                vexDeviceEventMaskGet
 .text.vexDeviceGenericSerialEnable
                0x0380e2ac       0x2c c:\Users\surya\AppData\Roaming\Cursor\User\globalStorage\vexrobotics.vexcode\sdk\cpp\V5\V5_20240802_15_00_00/vexv5\libv5rt.a(v5_apijump.c.obj)
                0x0380e2ac                vexDeviceGenericSerialEnable
 .text.vexDeviceGenericSerialBaudrate
                0x0380e2d8       0x2c c:\Users\surya\AppData\Roaming\Cursor\User\globalStorage\vexrobotics.vexcode\sdk\cpp\V5\V5_20240802_15_00_00/vexv5\libv5rt.a(v5_apijump.c.obj)
                0x0380e2d8                vexDeviceGenericSerialBaudrate
 .text.vexDeviceGenericSerialWriteChar
                0x0380e304       0x2c c:\Users\surya\AppData\Roaming\Cursor\User\globalStorage\vexrobotics.vexcode\sdk\cpp\V5\V5_20240802_15_00_00/vexv5\libv5rt.a(v5_apijump.c.obj)
                0x0380e304                vexDeviceGenericSerialWriteChar
 .text.vexDeviceGenericSerialWriteFree
                0x0380e330       0x24 c:\Users\surya\AppData\Roaming\Cursor\User\globalStorage\vexrobotics.vexcode\sdk\cpp\V5\V5_20240802_15_00_00/vexv5\libv5rt.a(v5_apijump.c.obj)
                0x0380e330                vexDeviceGenericSerialWriteFree
 .text.vexDeviceGenericSerialTransmit
                0x0380e354       0x34 c:\Users\surya\AppData\Roaming\Cursor\User\globalStorage\vexrobotics.vexcode\sdk\cpp\V5\V5_20240802_15_00_00/vexv5\libv5rt.a(v5_apijump.c.obj)
                0x0380e354                vexDeviceGenericSerialTransmit
 .text.vexDeviceGenericSerialReadChar
                0x0380e388       0x24 c:\Users\surya\AppData\Roaming\Cursor\User\globalStorage\vexrobotics.vexcode\sdk\cpp\V5\V5_20240802_15_00_00/vexv5\libv5rt.a(v5_apijump.c.obj)
                0x0380e388                vexDeviceGenericSerialReadChar
 .text.vexDeviceGenericSerialPeekChar
                0x0380e3ac       0x24 c:\Users\surya\AppData\Roaming\Cursor\User\globalStorage\vexrobotics.vexcode\sdk\cpp\V5\V5_20240802_15_00_00/vexv5\libv5rt.a(v5_apijump.c.obj)
                0x0380e3ac                vexDeviceGenericSerialPeekChar
 .text.vexDeviceGenericSerialReceiveAvail
                0x0380e3d0       0x24 c:\Users\surya\AppData\Roaming\Cursor\User\globalStorage\vexrobotics.vexcode\sdk\cpp\V5\V5_20240802_15_00_00/vexv5\libv5rt.a(v5_apijump.c.obj)
                0x0380e3d0                vexDeviceGenericSerialReceiveAvail
 .text.vexDeviceGenericSerialReceive
                0x0380e3f4       0x34 c:\Users\surya\AppData\Roaming\Cursor\User\globalStorage\vexrobotics.vexcode\sdk\cpp\V5\V5_20240802_15_00_00/vexv5\libv5rt.a(v5_apijump.c.obj)
                0x0380e3f4                vexDeviceGenericSerialReceive
 .text.vexDeviceGenericRadioConnection
                0x0380e428       0x3c c:\Users\surya\AppData\Roaming\Cursor\User\globalStorage\vexrobotics.vexcode\sdk\cpp\V5\V5_20240802_15_00_00/vexv5\libv5rt.a(v5_apijump.c.obj)
                0x0380e428                vexDeviceGenericRadioConnection
 .text.vexDeviceGenericRadioWriteChar
                0x0380e464       0x2c c:\Users\surya\AppData\Roaming\Cursor\User\globalStorage\vexrobotics.vexcode\sdk\cpp\V5\V5_20240802_15_00_00/vexv5\libv5rt.a(v5_apijump.c.obj)
                0x0380e464                vexDeviceGenericRadioWriteChar
 .text.vexDeviceGenericRadioWriteFree
                0x0380e490       0x24 c:\Users\surya\AppData\Roaming\Cursor\User\globalStorage\vexrobotics.vexcode\sdk\cpp\V5\V5_20240802_15_00_00/vexv5\libv5rt.a(v5_apijump.c.obj)
                0x0380e490                vexDeviceGenericRadioWriteFree
 .text.vexDeviceGenericRadioTransmit
                0x0380e4b4       0x34 c:\Users\surya\AppData\Roaming\Cursor\User\globalStorage\vexrobotics.vexcode\sdk\cpp\V5\V5_20240802_15_00_00/vexv5\libv5rt.a(v5_apijump.c.obj)
                0x0380e4b4                vexDeviceGenericRadioTransmit
 .text.vexDeviceGenericRadioReadChar
                0x0380e4e8       0x24 c:\Users\surya\AppData\Roaming\Cursor\User\globalStorage\vexrobotics.vexcode\sdk\cpp\V5\V5_20240802_15_00_00/vexv5\libv5rt.a(v5_apijump.c.obj)
                0x0380e4e8                vexDeviceGenericRadioReadChar
 .text.vexDeviceGenericRadioPeekChar
                0x0380e50c       0x24 c:\Users\surya\AppData\Roaming\Cursor\User\globalStorage\vexrobotics.vexcode\sdk\cpp\V5\V5_20240802_15_00_00/vexv5\libv5rt.a(v5_apijump.c.obj)
                0x0380e50c                vexDeviceGenericRadioPeekChar
 .text.vexDeviceGenericRadioReceiveAvail
                0x0380e530       0x24 c:\Users\surya\AppData\Roaming\Cursor\User\globalStorage\vexrobotics.vexcode\sdk\cpp\V5\V5_20240802_15_00_00/vexv5\libv5rt.a(v5_apijump.c.obj)
                0x0380e530                vexDeviceGenericRadioReceiveAvail
 .text.vexDeviceGenericRadioReceive
                0x0380e554       0x34 c:\Users\surya\AppData\Roaming\Cursor\User\globalStorage\vexrobotics.vexcode\sdk\cpp\V5\V5_20240802_15_00_00/vexv5\libv5rt.a(v5_apijump.c.obj)
                0x0380e554                vexDeviceGenericRadioReceive
 .text.vexDeviceGenericRadioLinkStatus
                0x0380e588       0x24 c:\Users\surya\AppData\Roaming\Cursor\User\globalStorage\vexrobotics.vexcode\sdk\cpp\V5\V5_20240802_15_00_00/vexv5\libv5rt.a(v5_apijump.c.obj)
                0x0380e588                vexDeviceGenericRadioLinkStatus
 .text.vexDeviceGenericCdcConnection
                0x0380e5ac       0x2c c:\Users\surya\AppData\Roaming\Cursor\User\globalStorage\vexrobotics.vexcode\sdk\cpp\V5\V5_20240802_15_00_00/vexv5\libv5rt.a(v5_apijump.c.obj)
                0x0380e5ac                vexDeviceGenericCdcConnection
 .text.vexDeviceGenericCdcWriteChar
                0x0380e5d8       0x2c c:\Users\surya\AppData\Roaming\Cursor\User\globalStorage\vexrobotics.vexcode\sdk\cpp\V5\V5_20240802_15_00_00/vexv5\libv5rt.a(v5_apijump.c.obj)
                0x0380e5d8                vexDeviceGenericCdcWriteChar
 .text.vexDeviceGenericCdcWriteFree
                0x0380e604       0x24 c:\Users\surya\AppData\Roaming\Cursor\User\globalStorage\vexrobotics.vexcode\sdk\cpp\V5\V5_20240802_15_00_00/vexv5\libv5rt.a(v5_apijump.c.obj)
                0x0380e604                vexDeviceGenericCdcWriteFree
 .text.vexDeviceGenericCdcTransmit
                0x0380e628       0x34 c:\Users\surya\AppData\Roaming\Cursor\User\globalStorage\vexrobotics.vexcode\sdk\cpp\V5\V5_20240802_15_00_00/vexv5\libv5rt.a(v5_apijump.c.obj)
                0x0380e628                vexDeviceGenericCdcTransmit
 .text.vexDeviceGenericCdcReadChar
                0x0380e65c       0x24 c:\Users\surya\AppData\Roaming\Cursor\User\globalStorage\vexrobotics.vexcode\sdk\cpp\V5\V5_20240802_15_00_00/vexv5\libv5rt.a(v5_apijump.c.obj)
                0x0380e65c                vexDeviceGenericCdcReadChar
 .text.vexDeviceGenericCdcPeekChar
                0x0380e680       0x24 c:\Users\surya\AppData\Roaming\Cursor\User\globalStorage\vexrobotics.vexcode\sdk\cpp\V5\V5_20240802_15_00_00/vexv5\libv5rt.a(v5_apijump.c.obj)
                0x0380e680                vexDeviceGenericCdcPeekChar
 .text.vexDeviceGenericCdcReceiveAvail
                0x0380e6a4       0x24 c:\Users\surya\AppData\Roaming\Cursor\User\globalStorage\vexrobotics.vexcode\sdk\cpp\V5\V5_20240802_15_00_00/vexv5\libv5rt.a(v5_apijump.c.obj)
                0x0380e6a4                vexDeviceGenericCdcReceiveAvail
 .text.vexDeviceGenericCdcReceive
                0x0380e6c8       0x34 c:\Users\surya\AppData\Roaming\Cursor\User\globalStorage\vexrobotics.vexcode\sdk\cpp\V5\V5_20240802_15_00_00/vexv5\libv5rt.a(v5_apijump.c.obj)
                0x0380e6c8                vexDeviceGenericCdcReceive
 .text.vexDeviceGenericCdcLinkStatus
                0x0380e6fc       0x24 c:\Users\surya\AppData\Roaming\Cursor\User\globalStorage\vexrobotics.vexcode\sdk\cpp\V5\V5_20240802_15_00_00/vexv5\libv5rt.a(v5_apijump.c.obj)
                0x0380e6fc                vexDeviceGenericCdcLinkStatus
 .text.vexSystemVersion
                0x0380e720       0x10 c:\Users\surya\AppData\Roaming\Cursor\User\globalStorage\vexrobotics.vexcode\sdk\cpp\V5\V5_20240802_15_00_00/vexv5\libv5rt.a(v5_apiversions.c.obj)
                0x0380e720                vexSystemVersion
 .text.vexStdlibVersion
                0x0380e730       0x10 c:\Users\surya\AppData\Roaming\Cursor\User\globalStorage\vexrobotics.vexcode\sdk\cpp\V5\V5_20240802_15_00_00/vexv5\libv5rt.a(v5_apiversions.c.obj)
                0x0380e730                vexStdlibVersion
 .text._ZN3vex4waitEdNS_9timeUnitsE
                0x0380e740       0x30 c:\Users\surya\AppData\Roaming\Cursor\User\globalStorage\vexrobotics.vexcode\sdk\cpp\V5\V5_20240802_15_00_00/vexv5\libv5rt.a(vex_global.cpp.obj)
                0x0380e740                vex::wait(double, vex::timeUnits)
 .text._ZN3vex6deviceD2Ev
                0x0380e770        0x4 c:\Users\surya\AppData\Roaming\Cursor\User\globalStorage\vexrobotics.vexcode\sdk\cpp\V5\V5_20240802_15_00_00/vexv5\libv5rt.a(vex_device.cpp.obj)
                0x0380e770                vex::device::~device()
                0x0380e770                vex::device::~device()
 .text._ZN3vex6device5valueEv
                0x0380e774        0x8 c:\Users\surya\AppData\Roaming\Cursor\User\globalStorage\vexrobotics.vexcode\sdk\cpp\V5\V5_20240802_15_00_00/vexv5\libv5rt.a(vex_device.cpp.obj)
                0x0380e774                vex::device::value()
 .text._ZN3vex6deviceD0Ev
                0x0380e77c       0x14 c:\Users\surya\AppData\Roaming\Cursor\User\globalStorage\vexrobotics.vexcode\sdk\cpp\V5\V5_20240802_15_00_00/vexv5\libv5rt.a(vex_device.cpp.obj)
                0x0380e77c                vex::device::~device()
 .text._ZN3vex6device4initEl
                0x0380e790       0x30 c:\Users\surya\AppData\Roaming\Cursor\User\globalStorage\vexrobotics.vexcode\sdk\cpp\V5\V5_20240802_15_00_00/vexv5\libv5rt.a(vex_device.cpp.obj)
                0x0380e790                vex::device::init(long)
 .text._ZN3vex6deviceC2El
                0x0380e7c0       0x20 c:\Users\surya\AppData\Roaming\Cursor\User\globalStorage\vexrobotics.vexcode\sdk\cpp\V5\V5_20240802_15_00_00/vexv5\libv5rt.a(vex_device.cpp.obj)
                0x0380e7c0                vex::device::device(long)
                0x0380e7c0                vex::device::device(long)
 .text._ZN3vex6device4typeEv
                0x0380e7e0       0x10 c:\Users\surya\AppData\Roaming\Cursor\User\globalStorage\vexrobotics.vexcode\sdk\cpp\V5\V5_20240802_15_00_00/vexv5\libv5rt.a(vex_device.cpp.obj)
                0x0380e7e0                vex::device::type()
 .text._ZN3vex6device9installedEv
                0x0380e7f0       0x14 c:\Users\surya\AppData\Roaming\Cursor\User\globalStorage\vexrobotics.vexcode\sdk\cpp\V5\V5_20240802_15_00_00/vexv5\libv5rt.a(vex_device.cpp.obj)
                0x0380e7f0                vex::device::installed()
 .text._ZN3vex6device9timestampEv
                0x0380e804       0x10 c:\Users\surya\AppData\Roaming\Cursor\User\globalStorage\vexrobotics.vexcode\sdk\cpp\V5\V5_20240802_15_00_00/vexv5\libv5rt.a(vex_device.cpp.obj)
                0x0380e804                vex::device::timestamp()
 .text._ZN3vex5motorD2Ev
                0x0380e814       0x20 c:\Users\surya\AppData\Roaming\Cursor\User\globalStorage\vexrobotics.vexcode\sdk\cpp\V5\V5_20240802_15_00_00/vexv5\libv5rt.a(vex_motor.cpp.obj)
                0x0380e814                vex::motor::~motor()
                0x0380e814                vex::motor::~motor()
 .text._ZN3vex5motorD0Ev
                0x0380e834       0x1c c:\Users\surya\AppData\Roaming\Cursor\User\globalStorage\vexrobotics.vexcode\sdk\cpp\V5\V5_20240802_15_00_00/vexv5\libv5rt.a(vex_motor.cpp.obj)
                0x0380e834                vex::motor::~motor()
 .text._ZN3vex5motor9installedEv
                0x0380e850       0x18 c:\Users\surya\AppData\Roaming\Cursor\User\globalStorage\vexrobotics.vexcode\sdk\cpp\V5\V5_20240802_15_00_00/vexv5\libv5rt.a(vex_motor.cpp.obj)
                0x0380e850                vex::motor::installed()
 .text._ZN3vex5motor15defaultStoppingENS_9brakeTypeE
                0x0380e868       0x30 c:\Users\surya\AppData\Roaming\Cursor\User\globalStorage\vexrobotics.vexcode\sdk\cpp\V5\V5_20240802_15_00_00/vexv5\libv5rt.a(vex_motor.cpp.obj)
                0x0380e868                vex::motor::defaultStopping(vex::brakeType)
 .text._ZN3vex5motorC2El
                0x0380e898       0x78 c:\Users\surya\AppData\Roaming\Cursor\User\globalStorage\vexrobotics.vexcode\sdk\cpp\V5\V5_20240802_15_00_00/vexv5\libv5rt.a(vex_motor.cpp.obj)
                0x0380e898                vex::motor::motor(long)
                0x0380e898                vex::motor::motor(long)
 .text._ZN3vex5motorC2ElNS_11gearSettingEb
                0x0380e910       0x34 c:\Users\surya\AppData\Roaming\Cursor\User\globalStorage\vexrobotics.vexcode\sdk\cpp\V5\V5_20240802_15_00_00/vexv5\libv5rt.a(vex_motor.cpp.obj)
                0x0380e910                vex::motor::motor(long, vex::gearSetting, bool)
                0x0380e910                vex::motor::motor(long, vex::gearSetting, bool)
 .text._ZN3vex5motorC2Elb
                0x0380e944       0x24 c:\Users\surya\AppData\Roaming\Cursor\User\globalStorage\vexrobotics.vexcode\sdk\cpp\V5\V5_20240802_15_00_00/vexv5\libv5rt.a(vex_motor.cpp.obj)
                0x0380e944                vex::motor::motor(long, bool)
                0x0380e944                vex::motor::motor(long, bool)
 .text._ZN3vex5motor4spinENS_13directionTypeEdNS_12voltageUnitsE
                0x0380e968       0x50 c:\Users\surya\AppData\Roaming\Cursor\User\globalStorage\vexrobotics.vexcode\sdk\cpp\V5\V5_20240802_15_00_00/vexv5\libv5rt.a(vex_motor.cpp.obj)
                0x0380e968                vex::motor::spin(vex::directionType, double, vex::voltageUnits)
 .text._ZN3vex5motor14isSpinningModeEv
                0x0380e9b8       0x48 c:\Users\surya\AppData\Roaming\Cursor\User\globalStorage\vexrobotics.vexcode\sdk\cpp\V5\V5_20240802_15_00_00/vexv5\libv5rt.a(vex_motor.cpp.obj)
                0x0380e9b8                vex::motor::isSpinningMode()
 .text._ZN3vex5motor10isSpinningEv
                0x0380ea00       0x44 c:\Users\surya\AppData\Roaming\Cursor\User\globalStorage\vexrobotics.vexcode\sdk\cpp\V5\V5_20240802_15_00_00/vexv5\libv5rt.a(vex_motor.cpp.obj)
                0x0380ea00                vex::motor::isSpinning()
 .text._ZN3vex5motor4stopENS_9brakeTypeE
                0x0380ea44       0x30 c:\Users\surya\AppData\Roaming\Cursor\User\globalStorage\vexrobotics.vexcode\sdk\cpp\V5\V5_20240802_15_00_00/vexv5\libv5rt.a(vex_motor.cpp.obj)
                0x0380ea44                vex::motor::stop(vex::brakeType)
 .text._ZN3vex5motor4stopEv
                0x0380ea74        0x8 c:\Users\surya\AppData\Roaming\Cursor\User\globalStorage\vexrobotics.vexcode\sdk\cpp\V5\V5_20240802_15_00_00/vexv5\libv5rt.a(vex_motor.cpp.obj)
                0x0380ea74                vex::motor::stop()
 .text._ZN3vex5motor16velocityToScaledEdNS_13velocityUnitsE
                0x0380ea7c       0x5c c:\Users\surya\AppData\Roaming\Cursor\User\globalStorage\vexrobotics.vexcode\sdk\cpp\V5\V5_20240802_15_00_00/vexv5\libv5rt.a(vex_motor.cpp.obj)
                0x0380ea7c                vex::motor::velocityToScaled(double, vex::velocityUnits)
 .text._ZN3vex5motor8velocityENS_13velocityUnitsE
                0x0380ead8       0x30 c:\Users\surya\AppData\Roaming\Cursor\User\globalStorage\vexrobotics.vexcode\sdk\cpp\V5\V5_20240802_15_00_00/vexv5\libv5rt.a(vex_motor.cpp.obj)
                0x0380ead8                vex::motor::velocity(vex::velocityUnits)
 .text._ZN3vex5motor5valueEv
                0x0380eb08       0x1c c:\Users\surya\AppData\Roaming\Cursor\User\globalStorage\vexrobotics.vexcode\sdk\cpp\V5\V5_20240802_15_00_00/vexv5\libv5rt.a(vex_motor.cpp.obj)
                0x0380eb08                vex::motor::value()
 .text._ZN3vex5motor16scaledToVelocityEdNS_13velocityUnitsE
                0x0380eb24       0xa4 c:\Users\surya\AppData\Roaming\Cursor\User\globalStorage\vexrobotics.vexcode\sdk\cpp\V5\V5_20240802_15_00_00/vexv5\libv5rt.a(vex_motor.cpp.obj)
                0x0380eb24                vex::motor::scaledToVelocity(double, vex::velocityUnits)
 .text._ZN3vex5motor4spinENS_13directionTypeEdNS_13velocityUnitsE
                0x0380ebc8       0x5c c:\Users\surya\AppData\Roaming\Cursor\User\globalStorage\vexrobotics.vexcode\sdk\cpp\V5\V5_20240802_15_00_00/vexv5\libv5rt.a(vex_motor.cpp.obj)
                0x0380ebc8                vex::motor::spin(vex::directionType, double, vex::velocityUnits)
 .text._ZN3vex5motor4spinENS_13directionTypeE
                0x0380ec24       0x28 c:\Users\surya\AppData\Roaming\Cursor\User\globalStorage\vexrobotics.vexcode\sdk\cpp\V5\V5_20240802_15_00_00/vexv5\libv5rt.a(vex_motor.cpp.obj)
                0x0380ec24                vex::motor::spin(vex::directionType)
 .text._ZN3vex5motor11setVelocityEdNS_13velocityUnitsE
                0x0380ec4c       0x54 c:\Users\surya\AppData\Roaming\Cursor\User\globalStorage\vexrobotics.vexcode\sdk\cpp\V5\V5_20240802_15_00_00/vexv5\libv5rt.a(vex_motor.cpp.obj)
                0x0380ec4c                vex::motor::setVelocity(double, vex::velocityUnits)
 .text._ZN3vex5motor16setRotationUnitsENS_13rotationUnitsE
                0x0380eca0       0x1c c:\Users\surya\AppData\Roaming\Cursor\User\globalStorage\vexrobotics.vexcode\sdk\cpp\V5\V5_20240802_15_00_00/vexv5\libv5rt.a(vex_motor.cpp.obj)
                0x0380eca0                vex::motor::setRotationUnits(vex::rotationUnits)
 .text._ZN3vex5motor7spinForEdNS_13rotationUnitsEdNS_13velocityUnitsEb
                0x0380ecbc       0xf4 c:\Users\surya\AppData\Roaming\Cursor\User\globalStorage\vexrobotics.vexcode\sdk\cpp\V5\V5_20240802_15_00_00/vexv5\libv5rt.a(vex_motor.cpp.obj)
                0x0380ecbc                vex::motor::spinFor(double, vex::rotationUnits, double, vex::velocityUnits, bool)
 .text._ZN3vex5motor7spinForENS_13directionTypeEdNS_13rotationUnitsEdNS_13velocityUnitsEb
                0x0380edb0       0x34 c:\Users\surya\AppData\Roaming\Cursor\User\globalStorage\vexrobotics.vexcode\sdk\cpp\V5\V5_20240802_15_00_00/vexv5\libv5rt.a(vex_motor.cpp.obj)
                0x0380edb0                vex::motor::spinFor(vex::directionType, double, vex::rotationUnits, double, vex::velocityUnits, bool)
 .text._ZN3vex5motor7spinForENS_13directionTypeEdNS_13rotationUnitsEb
                0x0380ede4       0x3c c:\Users\surya\AppData\Roaming\Cursor\User\globalStorage\vexrobotics.vexcode\sdk\cpp\V5\V5_20240802_15_00_00/vexv5\libv5rt.a(vex_motor.cpp.obj)
                0x0380ede4                vex::motor::spinFor(vex::directionType, double, vex::rotationUnits, bool)
 .text._ZN3vex5motor8positionENS_13rotationUnitsE
                0x0380ee20       0x44 c:\Users\surya\AppData\Roaming\Cursor\User\globalStorage\vexrobotics.vexcode\sdk\cpp\V5\V5_20240802_15_00_00/vexv5\libv5rt.a(vex_motor.cpp.obj)
                0x0380ee20                vex::motor::position(vex::rotationUnits)
 .text._ZN3vex8inertial11getTurnTypeEv
                0x0380ee64        0x8 c:\Users\surya\AppData\Roaming\Cursor\User\globalStorage\vexrobotics.vexcode\sdk\cpp\V5\V5_20240802_15_00_00/vexv5\libv5rt.a(vex_imu.cpp.obj)
                0x0380ee64                vex::inertial::getTurnType()
 .text._ZThn16_N3vex8inertial11getTurnTypeEv
                0x0380ee6c        0x8 c:\Users\surya\AppData\Roaming\Cursor\User\globalStorage\vexrobotics.vexcode\sdk\cpp\V5\V5_20240802_15_00_00/vexv5\libv5rt.a(vex_imu.cpp.obj)
                0x0380ee6c                non-virtual thunk to vex::inertial::getTurnType()
 *fill*         0x0380ee74        0x4 
 .text._ZN3vex8inertial10setHeadingEdNS_13rotationUnitsE
                0x0380ee78       0x58 c:\Users\surya\AppData\Roaming\Cursor\User\globalStorage\vexrobotics.vexcode\sdk\cpp\V5\V5_20240802_15_00_00/vexv5\libv5rt.a(vex_imu.cpp.obj)
                0x0380ee78                vex::inertial::setHeading(double, vex::rotationUnits)
 .text._ZThn16_N3vex8inertial10setHeadingEdNS_13rotationUnitsE
                0x0380eed0        0x8 c:\Users\surya\AppData\Roaming\Cursor\User\globalStorage\vexrobotics.vexcode\sdk\cpp\V5\V5_20240802_15_00_00/vexv5\libv5rt.a(vex_imu.cpp.obj)
                0x0380eed0                non-virtual thunk to vex::inertial::setHeading(double, vex::rotationUnits)
 .text._ZN3vex8inertial11setRotationEdNS_13rotationUnitsE
                0x0380eed8       0x58 c:\Users\surya\AppData\Roaming\Cursor\User\globalStorage\vexrobotics.vexcode\sdk\cpp\V5\V5_20240802_15_00_00/vexv5\libv5rt.a(vex_imu.cpp.obj)
                0x0380eed8                vex::inertial::setRotation(double, vex::rotationUnits)
 .text._ZThn16_N3vex8inertial11setRotationEdNS_13rotationUnitsE
                0x0380ef30        0x8 c:\Users\surya\AppData\Roaming\Cursor\User\globalStorage\vexrobotics.vexcode\sdk\cpp\V5\V5_20240802_15_00_00/vexv5\libv5rt.a(vex_imu.cpp.obj)
                0x0380ef30                non-virtual thunk to vex::inertial::setRotation(double, vex::rotationUnits)
 .text._ZN3vex8inertialD2Ev
                0x0380ef38       0x20 c:\Users\surya\AppData\Roaming\Cursor\User\globalStorage\vexrobotics.vexcode\sdk\cpp\V5\V5_20240802_15_00_00/vexv5\libv5rt.a(vex_imu.cpp.obj)
                0x0380ef38                vex::inertial::~inertial()
                0x0380ef38                vex::inertial::~inertial()
 .text._ZThn16_N3vex8inertialD1Ev
                0x0380ef58        0x8 c:\Users\surya\AppData\Roaming\Cursor\User\globalStorage\vexrobotics.vexcode\sdk\cpp\V5\V5_20240802_15_00_00/vexv5\libv5rt.a(vex_imu.cpp.obj)
                0x0380ef58                non-virtual thunk to vex::inertial::~inertial()
 .text._ZN3vex8inertialD0Ev
                0x0380ef60       0x1c c:\Users\surya\AppData\Roaming\Cursor\User\globalStorage\vexrobotics.vexcode\sdk\cpp\V5\V5_20240802_15_00_00/vexv5\libv5rt.a(vex_imu.cpp.obj)
                0x0380ef60                vex::inertial::~inertial()
 .text._ZThn16_N3vex8inertialD0Ev
                0x0380ef7c        0x8 c:\Users\surya\AppData\Roaming\Cursor\User\globalStorage\vexrobotics.vexcode\sdk\cpp\V5\V5_20240802_15_00_00/vexv5\libv5rt.a(vex_imu.cpp.obj)
                0x0380ef7c                non-virtual thunk to vex::inertial::~inertial()
 .text._ZN3vex8inertial9installedEv
                0x0380ef84       0x18 c:\Users\surya\AppData\Roaming\Cursor\User\globalStorage\vexrobotics.vexcode\sdk\cpp\V5\V5_20240802_15_00_00/vexv5\libv5rt.a(vex_imu.cpp.obj)
                0x0380ef84                vex::inertial::installed()
 .text._ZN3vex8inertial5angleENS_13rotationUnitsE
                0x0380ef9c       0x6c c:\Users\surya\AppData\Roaming\Cursor\User\globalStorage\vexrobotics.vexcode\sdk\cpp\V5\V5_20240802_15_00_00/vexv5\libv5rt.a(vex_imu.cpp.obj)
                0x0380ef9c                vex::inertial::angle(vex::rotationUnits)
 .text._ZThn16_N3vex8inertial5angleENS_13rotationUnitsE
                0x0380f008        0x8 c:\Users\surya\AppData\Roaming\Cursor\User\globalStorage\vexrobotics.vexcode\sdk\cpp\V5\V5_20240802_15_00_00/vexv5\libv5rt.a(vex_imu.cpp.obj)
                0x0380f008                non-virtual thunk to vex::inertial::angle(vex::rotationUnits)
 .text._ZN3vex8inertial7headingENS_13rotationUnitsE
                0x0380f010        0x4 c:\Users\surya\AppData\Roaming\Cursor\User\globalStorage\vexrobotics.vexcode\sdk\cpp\V5\V5_20240802_15_00_00/vexv5\libv5rt.a(vex_imu.cpp.obj)
                0x0380f010                vex::inertial::heading(vex::rotationUnits)
 .text._ZThn16_N3vex8inertial7headingENS_13rotationUnitsE
                0x0380f014        0x8 c:\Users\surya\AppData\Roaming\Cursor\User\globalStorage\vexrobotics.vexcode\sdk\cpp\V5\V5_20240802_15_00_00/vexv5\libv5rt.a(vex_imu.cpp.obj)
                0x0380f014                non-virtual thunk to vex::inertial::heading(vex::rotationUnits)
 .text._ZN3vex8inertial5valueEv
                0x0380f01c       0x1c c:\Users\surya\AppData\Roaming\Cursor\User\globalStorage\vexrobotics.vexcode\sdk\cpp\V5\V5_20240802_15_00_00/vexv5\libv5rt.a(vex_imu.cpp.obj)
                0x0380f01c                vex::inertial::value()
 .text._ZN3vex8inertial8rotationENS_13rotationUnitsE
                0x0380f038       0x48 c:\Users\surya\AppData\Roaming\Cursor\User\globalStorage\vexrobotics.vexcode\sdk\cpp\V5\V5_20240802_15_00_00/vexv5\libv5rt.a(vex_imu.cpp.obj)
                0x0380f038                vex::inertial::rotation(vex::rotationUnits)
 .text._ZThn16_N3vex8inertial8rotationENS_13rotationUnitsE
                0x0380f080        0x8 c:\Users\surya\AppData\Roaming\Cursor\User\globalStorage\vexrobotics.vexcode\sdk\cpp\V5\V5_20240802_15_00_00/vexv5\libv5rt.a(vex_imu.cpp.obj)
                0x0380f080                non-virtual thunk to vex::inertial::rotation(vex::rotationUnits)
 .text._ZN3vex8inertial13isCalibratingEv
                0x0380f088       0x38 c:\Users\surya\AppData\Roaming\Cursor\User\globalStorage\vexrobotics.vexcode\sdk\cpp\V5\V5_20240802_15_00_00/vexv5\libv5rt.a(vex_imu.cpp.obj)
                0x0380f088                vex::inertial::isCalibrating()
 .text._ZThn16_N3vex8inertial13isCalibratingEv
                0x0380f0c0        0x8 c:\Users\surya\AppData\Roaming\Cursor\User\globalStorage\vexrobotics.vexcode\sdk\cpp\V5\V5_20240802_15_00_00/vexv5\libv5rt.a(vex_imu.cpp.obj)
                0x0380f0c0                non-virtual thunk to vex::inertial::isCalibrating()
 .text._ZN3vex8inertialC2ElNS_8turnTypeE
                0x0380f0c8       0x4c c:\Users\surya\AppData\Roaming\Cursor\User\globalStorage\vexrobotics.vexcode\sdk\cpp\V5\V5_20240802_15_00_00/vexv5\libv5rt.a(vex_imu.cpp.obj)
                0x0380f0c8                vex::inertial::inertial(long, vex::turnType)
                0x0380f0c8                vex::inertial::inertial(long, vex::turnType)
 .text._ZN3vex8inertial16startCalibrationEl
                0x0380f114       0x20 c:\Users\surya\AppData\Roaming\Cursor\User\globalStorage\vexrobotics.vexcode\sdk\cpp\V5\V5_20240802_15_00_00/vexv5\libv5rt.a(vex_imu.cpp.obj)
                0x0380f114                vex::inertial::startCalibration(long)
 .text._ZN3vex8inertial9calibrateEl
                0x0380f134        0xc c:\Users\surya\AppData\Roaming\Cursor\User\globalStorage\vexrobotics.vexcode\sdk\cpp\V5\V5_20240802_15_00_00/vexv5\libv5rt.a(vex_imu.cpp.obj)
                0x0380f134                vex::inertial::calibrate(long)
                0x0380f138                non-virtual thunk to vex::inertial::calibrate(long)
 .text._ZN3vex8rotationD2Ev
                0x0380f140       0x20 c:\Users\surya\AppData\Roaming\Cursor\User\globalStorage\vexrobotics.vexcode\sdk\cpp\V5\V5_20240802_15_00_00/vexv5\libv5rt.a(vex_rotation.cpp.obj)
                0x0380f140                vex::rotation::~rotation()
                0x0380f140                vex::rotation::~rotation()
 .text._ZN3vex8rotationD0Ev
                0x0380f160       0x1c c:\Users\surya\AppData\Roaming\Cursor\User\globalStorage\vexrobotics.vexcode\sdk\cpp\V5\V5_20240802_15_00_00/vexv5\libv5rt.a(vex_rotation.cpp.obj)
                0x0380f160                vex::rotation::~rotation()
 .text._ZN3vex8rotation9installedEv
                0x0380f17c       0x18 c:\Users\surya\AppData\Roaming\Cursor\User\globalStorage\vexrobotics.vexcode\sdk\cpp\V5\V5_20240802_15_00_00/vexv5\libv5rt.a(vex_rotation.cpp.obj)
                0x0380f17c                vex::rotation::installed()
 .text._ZN3vex8rotation5valueEv
                0x0380f194        0x8 c:\Users\surya\AppData\Roaming\Cursor\User\globalStorage\vexrobotics.vexcode\sdk\cpp\V5\V5_20240802_15_00_00/vexv5\libv5rt.a(vex_rotation.cpp.obj)
                0x0380f194                vex::rotation::value()
 .text._ZN3vex8rotationC2Elb
                0x0380f19c       0x30 c:\Users\surya\AppData\Roaming\Cursor\User\globalStorage\vexrobotics.vexcode\sdk\cpp\V5\V5_20240802_15_00_00/vexv5\libv5rt.a(vex_rotation.cpp.obj)
                0x0380f19c                vex::rotation::rotation(long, bool)
                0x0380f19c                vex::rotation::rotation(long, bool)
 .text._ZN3vex7opticalD2Ev
                0x0380f1cc       0x20 c:\Users\surya\AppData\Roaming\Cursor\User\globalStorage\vexrobotics.vexcode\sdk\cpp\V5\V5_20240802_15_00_00/vexv5\libv5rt.a(vex_optical.cpp.obj)
                0x0380f1cc                vex::optical::~optical()
                0x0380f1cc                vex::optical::~optical()
 .text._ZN3vex7opticalD0Ev
                0x0380f1ec       0x1c c:\Users\surya\AppData\Roaming\Cursor\User\globalStorage\vexrobotics.vexcode\sdk\cpp\V5\V5_20240802_15_00_00/vexv5\libv5rt.a(vex_optical.cpp.obj)
                0x0380f1ec                vex::optical::~optical()